Archive member included to satisfy reference by file (symbol)

E:/STM32CubeIDE/STM32CubeIDE_1.15.1/STM32CubeIDE/plugins/com.st.stm32cube.ide.mcu.externaltools.gnu-tools-for-stm32.12.3.rel1.win32_1.0.100.202403111256/tools/bin/../lib/gcc/arm-none-eabi/12.3.1/../../../../arm-none-eabi/lib/thumb/v7e-m+fp/hard\libc_nano.a(libc_a-exit.o)
                              E:/STM32CubeIDE/STM32CubeIDE_1.15.1/STM32CubeIDE/plugins/com.st.stm32cube.ide.mcu.externaltools.gnu-tools-for-stm32.12.3.rel1.win32_1.0.100.202403111256/tools/bin/../lib/gcc/arm-none-eabi/12.3.1/../../../../arm-none-eabi/lib/thumb/v7e-m+fp/hard/crt0.o (exit)
E:/STM32CubeIDE/STM32CubeIDE_1.15.1/STM32CubeIDE/plugins/com.st.stm32cube.ide.mcu.externaltools.gnu-tools-for-stm32.12.3.rel1.win32_1.0.100.202403111256/tools/bin/../lib/gcc/arm-none-eabi/12.3.1/../../../../arm-none-eabi/lib/thumb/v7e-m+fp/hard\libc_nano.a(libc_a-findfp.o)
                              E:/STM32CubeIDE/STM32CubeIDE_1.15.1/STM32CubeIDE/plugins/com.st.stm32cube.ide.mcu.externaltools.gnu-tools-for-stm32.12.3.rel1.win32_1.0.100.202403111256/tools/bin/../lib/gcc/arm-none-eabi/12.3.1/../../../../arm-none-eabi/lib/thumb/v7e-m+fp/hard\libc_nano.a(libc_a-exit.o) (__stdio_exit_handler)
E:/STM32CubeIDE/STM32CubeIDE_1.15.1/STM32CubeIDE/plugins/com.st.stm32cube.ide.mcu.externaltools.gnu-tools-for-stm32.12.3.rel1.win32_1.0.100.202403111256/tools/bin/../lib/gcc/arm-none-eabi/12.3.1/../../../../arm-none-eabi/lib/thumb/v7e-m+fp/hard\libc_nano.a(libc_a-fwalk.o)
                              E:/STM32CubeIDE/STM32CubeIDE_1.15.1/STM32CubeIDE/plugins/com.st.stm32cube.ide.mcu.externaltools.gnu-tools-for-stm32.12.3.rel1.win32_1.0.100.202403111256/tools/bin/../lib/gcc/arm-none-eabi/12.3.1/../../../../arm-none-eabi/lib/thumb/v7e-m+fp/hard\libc_nano.a(libc_a-findfp.o) (_fwalk_sglue)
E:/STM32CubeIDE/STM32CubeIDE_1.15.1/STM32CubeIDE/plugins/com.st.stm32cube.ide.mcu.externaltools.gnu-tools-for-stm32.12.3.rel1.win32_1.0.100.202403111256/tools/bin/../lib/gcc/arm-none-eabi/12.3.1/../../../../arm-none-eabi/lib/thumb/v7e-m+fp/hard\libc_nano.a(libc_a-stdio.o)
                              E:/STM32CubeIDE/STM32CubeIDE_1.15.1/STM32CubeIDE/plugins/com.st.stm32cube.ide.mcu.externaltools.gnu-tools-for-stm32.12.3.rel1.win32_1.0.100.202403111256/tools/bin/../lib/gcc/arm-none-eabi/12.3.1/../../../../arm-none-eabi/lib/thumb/v7e-m+fp/hard\libc_nano.a(libc_a-findfp.o) (__sread)
E:/STM32CubeIDE/STM32CubeIDE_1.15.1/STM32CubeIDE/plugins/com.st.stm32cube.ide.mcu.externaltools.gnu-tools-for-stm32.12.3.rel1.win32_1.0.100.202403111256/tools/bin/../lib/gcc/arm-none-eabi/12.3.1/../../../../arm-none-eabi/lib/thumb/v7e-m+fp/hard\libc_nano.a(libc_a-memset.o)
                              E:/STM32CubeIDE/STM32CubeIDE_1.15.1/STM32CubeIDE/plugins/com.st.stm32cube.ide.mcu.externaltools.gnu-tools-for-stm32.12.3.rel1.win32_1.0.100.202403111256/tools/bin/../lib/gcc/arm-none-eabi/12.3.1/../../../../arm-none-eabi/lib/thumb/v7e-m+fp/hard/crt0.o (memset)
E:/STM32CubeIDE/STM32CubeIDE_1.15.1/STM32CubeIDE/plugins/com.st.stm32cube.ide.mcu.externaltools.gnu-tools-for-stm32.12.3.rel1.win32_1.0.100.202403111256/tools/bin/../lib/gcc/arm-none-eabi/12.3.1/../../../../arm-none-eabi/lib/thumb/v7e-m+fp/hard\libc_nano.a(libc_a-closer.o)
                              E:/STM32CubeIDE/STM32CubeIDE_1.15.1/STM32CubeIDE/plugins/com.st.stm32cube.ide.mcu.externaltools.gnu-tools-for-stm32.12.3.rel1.win32_1.0.100.202403111256/tools/bin/../lib/gcc/arm-none-eabi/12.3.1/../../../../arm-none-eabi/lib/thumb/v7e-m+fp/hard\libc_nano.a(libc_a-stdio.o) (_close_r)
E:/STM32CubeIDE/STM32CubeIDE_1.15.1/STM32CubeIDE/plugins/com.st.stm32cube.ide.mcu.externaltools.gnu-tools-for-stm32.12.3.rel1.win32_1.0.100.202403111256/tools/bin/../lib/gcc/arm-none-eabi/12.3.1/../../../../arm-none-eabi/lib/thumb/v7e-m+fp/hard\libc_nano.a(libc_a-reent.o)
                              E:/STM32CubeIDE/STM32CubeIDE_1.15.1/STM32CubeIDE/plugins/com.st.stm32cube.ide.mcu.externaltools.gnu-tools-for-stm32.12.3.rel1.win32_1.0.100.202403111256/tools/bin/../lib/gcc/arm-none-eabi/12.3.1/../../../../arm-none-eabi/lib/thumb/v7e-m+fp/hard\libc_nano.a(libc_a-closer.o) (errno)
E:/STM32CubeIDE/STM32CubeIDE_1.15.1/STM32CubeIDE/plugins/com.st.stm32cube.ide.mcu.externaltools.gnu-tools-for-stm32.12.3.rel1.win32_1.0.100.202403111256/tools/bin/../lib/gcc/arm-none-eabi/12.3.1/../../../../arm-none-eabi/lib/thumb/v7e-m+fp/hard\libc_nano.a(libc_a-impure.o)
                              E:/STM32CubeIDE/STM32CubeIDE_1.15.1/STM32CubeIDE/plugins/com.st.stm32cube.ide.mcu.externaltools.gnu-tools-for-stm32.12.3.rel1.win32_1.0.100.202403111256/tools/bin/../lib/gcc/arm-none-eabi/12.3.1/../../../../arm-none-eabi/lib/thumb/v7e-m+fp/hard\libc_nano.a(libc_a-reent.o) (_impure_ptr)
[...]
Memory Configuration

Name             Origin             Length             Attributes
RAM              0x20000000         0x00008000         xrw
FLASH            0x08000000         0x00020000         xr
*default*        0x00000000         0xffffffff

Linker script and memory map

LOAD E:/STM32CubeIDE/STM32CubeIDE_1.15.1/STM32CubeIDE/plugins/com.st.stm32cube.ide.mcu.externaltools.gnu-tools-for-stm32.12.3.rel1.win32_1.0.100.202403111256/tools/bin/../lib/gcc/arm-none-eabi/12.3.1/thumb/v7e-m+fp/hard/crti.o
LOAD E:/STM32CubeIDE/STM32CubeIDE_1.15.1/STM32CubeIDE/plugins/com.st.stm32cube.ide.mcu.externaltools.gnu-tools-for-stm32.12.3.rel1.win32_1.0.100.202403111256/tools/bin/../lib/gcc/arm-none-eabi/12.3.1/thumb/v7e-m+fp/hard/crtbegin.o
LOAD E:/STM32CubeIDE/STM32CubeIDE_1.15.1/STM32CubeIDE/plugins/com.st.stm32cube.ide.mcu.externaltools.gnu-tools-for-stm32.12.3.rel1.win32_1.0.100.202403111256/tools/bin/../lib/gcc/arm-none-eabi/12.3.1/../../../../arm-none-eabi/lib/thumb/v7e-m+fp/hard/crt0.o
LOAD ./Core/Src/main.o
LOAD ./Core/Src/stm32g4xx_hal_msp.o
LOAD ./Core/Src/stm32g4xx_it.o
LOAD ./Core/Src/syscalls.o
LOAD ./Core/Src/sysmem.o
LOAD ./Core/Src/system_stm32g4xx.o
LOAD ./Core/Startup/startup_stm32g431rbtx.o
LOAD ./Drivers/STM32G4xx_HAL_Driver/Src/stm32g4xx_hal.o
LOAD ./Drivers/STM32G4xx_HAL_Driver/Src/stm32g4xx_hal_adc.o
LOAD ./Drivers/STM32G4xx_HAL_Driver/Src/stm32g4xx_hal_adc_ex.o
LOAD ./Drivers/STM32G4xx_HAL_Driver/Src/stm32g4xx_hal_cortex.o
LOAD ./Drivers/STM32G4xx_HAL_Driver/Src/stm32g4xx_hal_dma.o
LOAD ./Drivers/STM32G4xx_HAL_Driver/Src/stm32g4xx_hal_dma_ex.o
LOAD ./Drivers/STM32G4xx_HAL_Driver/Src/stm32g4xx_hal_exti.o
LOAD ./Drivers/STM32G4xx_HAL_Driver/Src/stm32g4xx_hal_flash.o
LOAD ./Drivers/STM32G4xx_HAL_Driver/Src/stm32g4xx_hal_flash_ex.o
LOAD ./Drivers/STM32G4xx_HAL_Driver/Src/stm32g4xx_hal_flash_ramfunc.o
LOAD ./Drivers/STM32G4xx_HAL_Driver/Src/stm32g4xx_hal_gpio.o
LOAD ./Drivers/STM32G4xx_HAL_Driver/Src/stm32g4xx_hal_i2c.o
LOAD ./Drivers/STM32G4xx_HAL_Driver/Src/stm32g4xx_hal_i2c_ex.o
LOAD ./Drivers/STM32G4xx_HAL_Driver/Src/stm32g4xx_hal_pcd.o
LOAD ./Drivers/STM32G4xx_HAL_Driver/Src/stm32g4xx_hal_pcd_ex.o
LOAD ./Drivers/STM32G4xx_HAL_Driver/Src/stm32g4xx_hal_pwr.o
LOAD ./Drivers/STM32G4xx_HAL_Driver/Src/stm32g4xx_hal_pwr_ex.o
LOAD ./Drivers/STM32G4xx_HAL_Driver/Src/stm32g4xx_hal_rcc.o
LOAD ./Drivers/STM32G4xx_HAL_Driver/Src/stm32g4xx_hal_rcc_ex.o
LOAD ./Drivers/STM32G4xx_HAL_Driver/Src/stm32g4xx_hal_spi.o
LOAD ./Drivers/STM32G4xx_HAL_Driver/Src/stm32g4xx_hal_spi_ex.o
LOAD ./Drivers/STM32G4xx_HAL_Driver/Src/stm32g4xx_hal_tim.o
LOAD ./Drivers/STM32G4xx_HAL_Driver/Src/stm32g4xx_hal_tim_ex.o
LOAD ./Drivers/STM32G4xx_HAL_Driver/Src/stm32g4xx_hal_uart.o
LOAD ./Drivers/STM32G4xx_HAL_Driver/Src/stm32g4xx_hal_uart_ex.o
LOAD ./Drivers/STM32G4xx_HAL_Driver/Src/stm32g4xx_ll_adc.o
LOAD ./Drivers/STM32G4xx_HAL_Driver/Src/stm32g4xx_ll_usb.o
LOAD ./Middlewares/ST/STM32_USB_Device_Library/Class/CDC/Src/usbd_cdc.o
LOAD ./Middlewares/ST/STM32_USB_Device_Library/Core/Src/usbd_core.o
LOAD ./Middlewares/ST/STM32_USB_Device_Library/Core/Src/usbd_ctlreq.o
LOAD ./Middlewares/ST/STM32_USB_Device_Library/Core/Src/usbd_ioreq.o
LOAD ./USB_Device/App/usb_device.o
LOAD ./USB_Device/App/usbd_cdc_if.o
LOAD ./USB_Device/App/usbd_desc.o
LOAD ./USB_Device/Target/usbd_conf.o
START GROUP
LOAD E:/STM32CubeIDE/STM32CubeIDE_1.15.1/STM32CubeIDE/plugins/com.st.stm32cube.ide.mcu.externaltools.gnu-tools-for-stm32.12.3.rel1.win32_1.0.100.202403111256/tools/bin/../lib/gcc/arm-none-eabi/12.3.1/../../../../arm-none-eabi/lib/thumb/v7e-m+fp/hard\libc_nano.a
LOAD E:/STM32CubeIDE/STM32CubeIDE_1.15.1/STM32CubeIDE/plugins/com.st.stm32cube.ide.mcu.externaltools.gnu-tools-for-stm32.12.3.rel1.win32_1.0.100.202403111256/tools/bin/../lib/gcc/arm-none-eabi/12.3.1/../../../../arm-none-eabi/lib/thumb/v7e-m+fp/hard\libm.a
END GROUP
START GROUP
LOAD E:/STM32CubeIDE/STM32CubeIDE_1.15.1/STM32CubeIDE/plugins/com.st.stm32cube.ide.mcu.externaltools.gnu-tools-for-stm32.12.3.rel1.win32_1.0.100.202403111256/tools/bin/../lib/gcc/arm-none-eabi/12.3.1/thumb/v7e-m+fp/hard\libgcc.a
LOAD E:/STM32CubeIDE/STM32CubeIDE_1.15.1/STM32CubeIDE/plugins/com.st.stm32cube.ide.mcu.externaltools.gnu-tools-for-stm32.12.3.rel1.win32_1.0.100.202403111256/tools/bin/../lib/gcc/arm-none-eabi/12.3.1/../../../../arm-none-eabi/lib/thumb/v7e-m+fp/hard\libc_nano.a
END GROUP
START GROUP
LOAD E:/STM32CubeIDE/STM32CubeIDE_1.15.1/STM32CubeIDE/plugins/com.st.stm32cube.ide.mcu.externaltools.gnu-tools-for-stm32.12.3.rel1.win32_1.0.100.202403111256/tools/bin/../lib/gcc/arm-none-eabi/12.3.1/thumb/v7e-m+fp/hard\libgcc.a
LOAD E:/STM32CubeIDE/STM32CubeIDE_1.15.1/STM32CubeIDE/plugins/com.st.stm32cube.ide.mcu.externaltools.gnu-tools-for-stm32.12.3.rel1.win32_1.0.100.202403111256/tools/bin/../lib/gcc/arm-none-eabi/12.3.1/../../../../arm-none-eabi/lib/thumb/v7e-m+fp/hard\libc_nano.a
LOAD E:/STM32CubeIDE/STM32CubeIDE_1.15.1/STM32CubeIDE/plugins/com.st.stm32cube.ide.mcu.externaltools.gnu-tools-for-stm32.12.3.rel1.win32_1.0.100.202403111256/tools/bin/../lib/gcc/arm-none-eabi/12.3.1/../../../../arm-none-eabi/lib/thumb/v7e-m+fp/hard\libnosys.a
END GROUP
START GROUP
LOAD E:/STM32CubeIDE/STM32CubeIDE_1.15.1/STM32CubeIDE/plugins/com.st.stm32cube.ide.mcu.externaltools.gnu-tools-for-stm32.12.3.rel1.win32_1.0.100.202403111256/tools/bin/../lib/gcc/arm-none-eabi/12.3.1/thumb/v7e-m+fp/hard\libgcc.a
LOAD E:/STM32CubeIDE/STM32CubeIDE_1.15.1/STM32CubeIDE/plugins/com.st.stm32cube.ide.mcu.externaltools.gnu-tools-for-stm32.12.3.rel1.win32_1.0.100.202403111256/tools/bin/../lib/gcc/arm-none-eabi/12.3.1/../../../../arm-none-eabi/lib/thumb/v7e-m+fp/hard\libc_nano.a
LOAD E:/STM32CubeIDE/STM32CubeIDE_1.15.1/STM32CubeIDE/plugins/com.st.stm32cube.ide.mcu.externaltools.gnu-tools-for-stm32.12.3.rel1.win32_1.0.100.202403111256/tools/bin/../lib/gcc/arm-none-eabi/12.3.1/../../../../arm-none-eabi/lib/thumb/v7e-m+fp/hard\libnosys.a
END GROUP
LOAD E:/STM32CubeIDE/STM32CubeIDE_1.15.1/STM32CubeIDE/plugins/com.st.stm32cube.ide.mcu.externaltools.gnu-tools-for-stm32.12.3.rel1.win32_1.0.100.202403111256/tools/bin/../lib/gcc/arm-none-eabi/12.3.1/thumb/v7e-m+fp/hard/crtend.o
LOAD E:/STM32CubeIDE/STM32CubeIDE_1.15.1/STM32CubeIDE/plugins/com.st.stm32cube.ide.mcu.externaltools.gnu-tools-for-stm32.12.3.rel1.win32_1.0.100.202403111256/tools/bin/../lib/gcc/arm-none-eabi/12.3.1/thumb/v7e-m+fp/hard/crtn.o
                0x20008000                        _estack = (ORIGIN (RAM) + LENGTH (RAM))
                0x00000200                        _Min_Heap_Size = 0x200
                0x00000400                        _Min_Stack_Size = 0x400

.isr_vector     0x08000000      0x1d8
                0x08000000                        . = ALIGN (0x4)
 *(.isr_vector)
 .isr_vector    0x08000000      0x1d8 ./Core/Startup/startup_stm32g431rbtx.o
                0x08000000                g_pfnVectors
                0x080001d8                        . = ALIGN (0x4)

.text           0x080001d8     0xb65c
                0x080001d8                        . = ALIGN (0x4)
 *(.text)
 .text          0x080001d8       0x40 E:/STM32CubeIDE/STM32CubeIDE_1.15.1/STM32CubeIDE/plugins/com.st.stm32cube.ide.mcu.externaltools.gnu-tools-for-stm32.12.3.rel1.win32_1.0.100.202403111256/tools/bin/../lib/gcc/arm-none-eabi/12.3.1/thumb/v7e-m+fp/hard/crtbegin.o
 .text          0x08000218       0x30 E:/STM32CubeIDE/STM32CubeIDE_1.15.1/STM32CubeIDE/plugins/com.st.stm32cube.ide.mcu.externaltools.gnu-tools-for-stm32.12.3.rel1.win32_1.0.100.202403111256/tools/bin/../lib/gcc/arm-none-eabi/12.3.1/thumb/v7e-m+fp/hard\libgcc.a(_aeabi_uldivmod.o)
                0x08000218                __aeabi_uldivmod
 .text          0x08000248      0x2bc E:/STM32CubeIDE/STM32CubeIDE_1.15.1/STM32CubeIDE/plugins/com.st.stm32cube.ide.mcu.externaltools.gnu-tools-for-stm32.12.3.rel1.win32_1.0.100.202403111256/tools/bin/../lib/gcc/arm-none-eabi/12.3.1/thumb/v7e-m+fp/hard\libgcc.a(_udivmoddi4.o)
                0x08000248                __udivmoddi4
 .text          0x08000504        0x4 E:/STM32CubeIDE/STM32CubeIDE_1.15.1/STM32CubeIDE/plugins/com.st.stm32cube.ide.mcu.externaltools.gnu-tools-for-stm32.12.3.rel1.win32_1.0.100.202403111256/tools/bin/../lib/gcc/arm-none-eabi/12.3.1/thumb/v7e-m+fp/hard\libgcc.a(_dvmd_tls.o)
                0x08000504                __aeabi_idiv0
                0x08000504                __aeabi_ldiv0
 *(.text*)
 .text.main     0x08000508       0x38 ./Core/Src/main.o
                0x08000508                main
 .text.SystemClock_Config
                0x08000540       0x9c ./Core/Src/main.o
                0x08000540                SystemClock_Config
 .text.MX_ADC1_Init
                0x080005dc       0xf0 ./Core/Src/main.o
 .text.MX_I2C1_Init
                0x080006cc       0x80 ./Core/Src/main.o
 .text.MX_I2C2_Init
                0x0800074c       0x80 ./Core/Src/main.o
 .text.MX_I2C3_Init
                0x080007cc       0x80 ./Core/Src/main.o
 .text.MX_SPI2_Init
                0x0800084c       0x7c ./Core/Src/main.o
 .text.MX_SPI3_Init
                0x080008c8       0x7c ./Core/Src/main.o
 .text.MX_USART2_UART_Init
                0x08000944       0x98 ./Core/Src/main.o
 .text.MX_DMA_Init
                0x080009dc       0x54 ./Core/Src/main.o
 .text.MX_GPIO_Init
                0x08000a30      0x1c0 ./Core/Src/main.o
 .text.Error_Handler
                0x08000bf0        0xc ./Core/Src/main.o
                0x08000bf0                Error_Handler
 .text.HAL_MspInit
                0x08000bfc       0x48 ./Core/Src/stm32g4xx_hal_msp.o
                0x08000bfc                HAL_MspInit
 .text.HAL_ADC_MspInit
                0x08000c44      0x1a4 ./Core/Src/stm32g4xx_hal_msp.o
                0x08000c44                HAL_ADC_MspInit
 .text.HAL_I2C_MspInit
                0x08000de8      0x200 ./Core/Src/stm32g4xx_hal_msp.o
                0x08000de8                HAL_I2C_MspInit
 .text.HAL_SPI_MspInit
                0x08000fe8      0x168 ./Core/Src/stm32g4xx_hal_msp.o
                0x08000fe8                HAL_SPI_MspInit
 .text.HAL_UART_MspInit
                0x08001150       0xc0 ./Core/Src/stm32g4xx_hal_msp.o
                0x08001150                HAL_UART_MspInit
 .text.NMI_Handler
                0x08001210        0x8 ./Core/Src/stm32g4xx_it.o
                0x08001210                NMI_Handler
 .text.HardFault_Handler
                0x08001218        0x8 ./Core/Src/stm32g4xx_it.o
                0x08001218                HardFault_Handler
 .text.MemManage_Handler
                0x08001220        0x8 ./Core/Src/stm32g4xx_it.o
                0x08001220                MemManage_Handler
 .text.BusFault_Handler
                0x08001228        0x8 ./Core/Src/stm32g4xx_it.o
                0x08001228                BusFault_Handler
 .text.UsageFault_Handler
                0x08001230        0x8 ./Core/Src/stm32g4xx_it.o
                0x08001230                UsageFault_Handler
 .text.SVC_Handler
                0x08001238        0xe ./Core/Src/stm32g4xx_it.o
                0x08001238                SVC_Handler
 .text.DebugMon_Handler
                0x08001246        0xe ./Core/Src/stm32g4xx_it.o
                0x08001246                DebugMon_Handler
 .text.PendSV_Handler
                0x08001254        0xe ./Core/Src/stm32g4xx_it.o
                0x08001254                PendSV_Handler
 .text.SysTick_Handler
                0x08001262        0xc ./Core/Src/stm32g4xx_it.o
                0x08001262                SysTick_Handler
 *fill*         0x0800126e        0x2 
 .text.DMA1_Channel1_IRQHandler
                0x08001270       0x14 ./Core/Src/stm32g4xx_it.o
                0x08001270                DMA1_Channel1_IRQHandler
 .text.USB_LP_IRQHandler
                0x08001284       0x14 ./Core/Src/stm32g4xx_it.o
                0x08001284                USB_LP_IRQHandler
 .text.I2C1_EV_IRQHandler
                0x08001298       0x14 ./Core/Src/stm32g4xx_it.o
                0x08001298                I2C1_EV_IRQHandler
 .text.USART2_IRQHandler
                0x080012ac       0x14 ./Core/Src/stm32g4xx_it.o
                0x080012ac                USART2_IRQHandler
 .text.SystemInit
                0x080012c0       0x24 ./Core/Src/system_stm32g4xx.o
                0x080012c0                SystemInit
 .text.Reset_Handler
                0x080012e4       0x50 ./Core/Startup/startup_stm32g431rbtx.o
                0x080012e4                Reset_Handler
 .text.Default_Handler
                0x08001334        0x2 ./Core/Startup/startup_stm32g431rbtx.o
                0x08001334                RTC_Alarm_IRQHandler
                0x08001334                EXTI2_IRQHandler
                0x08001334                TIM8_TRG_COM_IRQHandler
                0x08001334                TIM8_CC_IRQHandler
                0x08001334                TIM1_CC_IRQHandler
                0x08001334                USB_HP_IRQHandler
                0x08001334                CORDIC_IRQHandler
                0x08001334                EXTI3_IRQHandler
                0x08001334                I2C3_ER_IRQHandler
                0x08001334                EXTI0_IRQHandler
                0x08001334                I2C2_EV_IRQHandler
                0x08001334                FPU_IRQHandler
                0x08001334                FDCAN1_IT1_IRQHandler
                0x08001334                TIM1_UP_TIM16_IRQHandler
                0x08001334                ADC1_2_IRQHandler
                0x08001334                SPI1_IRQHandler
                0x08001334                TIM6_DAC_IRQHandler
                0x08001334                TIM8_UP_IRQHandler
                0x08001334                DMA2_Channel2_IRQHandler
                0x08001334                DMA1_Channel4_IRQHandler
                0x08001334                USART3_IRQHandler
                0x08001334                TIM4_IRQHandler
                0x08001334                DMA2_Channel1_IRQHandler
                0x08001334                DMA1_Channel6_IRQHandler
                0x08001334                UART4_IRQHandler
                0x08001334                DMA2_Channel4_IRQHandler
                0x08001334                TIM3_IRQHandler
                0x08001334                RCC_IRQHandler
                0x08001334                Default_Handler
                0x08001334                RTC_TAMP_LSECSS_IRQHandler
                0x08001334                FMAC_IRQHandler
                0x08001334                EXTI15_10_IRQHandler
                0x08001334                TIM7_IRQHandler
                0x08001334                UCPD1_IRQHandler
                0x08001334                I2C3_EV_IRQHandler
                0x08001334                EXTI9_5_IRQHandler
                0x08001334                RTC_WKUP_IRQHandler
                0x08001334                PVD_PVM_IRQHandler
                0x08001334                SPI2_IRQHandler
                0x08001334                DMA2_Channel5_IRQHandler
                0x08001334                CRS_IRQHandler
                0x08001334                DMA1_Channel5_IRQHandler
                0x08001334                EXTI4_IRQHandler
                0x08001334                RNG_IRQHandler
                0x08001334                TIM1_TRG_COM_TIM17_IRQHandler
                0x08001334                DMA1_Channel3_IRQHandler
                0x08001334                WWDG_IRQHandler
                0x08001334                LPUART1_IRQHandler
                0x08001334                DMA2_Channel6_IRQHandler
                0x08001334                FDCAN1_IT0_IRQHandler
                0x08001334                TIM2_IRQHandler
                0x08001334                COMP1_2_3_IRQHandler
                0x08001334                EXTI1_IRQHandler
                0x08001334                I2C2_ER_IRQHandler
                0x08001334                DMA1_Channel2_IRQHandler
                0x08001334                TIM8_BRK_IRQHandler
                0x08001334                FLASH_IRQHandler
                0x08001334                USART1_IRQHandler
                0x08001334                SPI3_IRQHandler
                0x08001334                I2C1_ER_IRQHandler
                0x08001334                LPTIM1_IRQHandler
                0x08001334                DMAMUX_OVR_IRQHandler
                0x08001334                USBWakeUp_IRQHandler
                0x08001334                SAI1_IRQHandler
                0x08001334                DMA2_Channel3_IRQHandler
                0x08001334                COMP4_IRQHandler
                0x08001334                TIM1_BRK_TIM15_IRQHandler
 .text.HAL_Init
                0x08001336       0x30 ./Drivers/STM32G4xx_HAL_Driver/Src/stm32g4xx_hal.o
                0x08001336                HAL_Init
 *fill*         0x08001366        0x2 
 .text.HAL_InitTick
                0x08001368       0x74 ./Drivers/STM32G4xx_HAL_Driver/Src/stm32g4xx_hal.o
                0x08001368                HAL_InitTick
 .text.HAL_IncTick
                0x080013dc       0x24 ./Drivers/STM32G4xx_HAL_Driver/Src/stm32g4xx_hal.o
                0x080013dc                HAL_IncTick
 .text.HAL_GetTick
                0x08001400       0x18 ./Drivers/STM32G4xx_HAL_Driver/Src/stm32g4xx_hal.o
                0x08001400                HAL_GetTick
 .text.LL_ADC_SetCommonClock
                0x08001418       0x26 ./Drivers/STM32G4xx_HAL_Driver/Src/stm32g4xx_hal_adc.o
 .text.LL_ADC_SetCommonPathInternalCh
                0x0800143e       0x26 ./Drivers/STM32G4xx_HAL_Driver/Src/stm32g4xx_hal_adc.o
 .text.LL_ADC_GetCommonPathInternalCh
                0x08001464       0x1c ./Drivers/STM32G4xx_HAL_Driver/Src/stm32g4xx_hal_adc.o
 .text.LL_ADC_SetOffset
                0x08001480       0x48 ./Drivers/STM32G4xx_HAL_Driver/Src/stm32g4xx_hal_adc.o
 .text.LL_ADC_GetOffsetChannel
                0x080014c8       0x2c ./Drivers/STM32G4xx_HAL_Driver/Src/stm32g4xx_hal_adc.o
 .text.LL_ADC_SetOffsetState
                0x080014f4       0x36 ./Drivers/STM32G4xx_HAL_Driver/Src/stm32g4xx_hal_adc.o
 .text.LL_ADC_SetOffsetSign
                0x0800152a       0x36 ./Drivers/STM32G4xx_HAL_Driver/Src/stm32g4xx_hal_adc.o
 .text.LL_ADC_SetOffsetSaturation
                0x08001560       0x36 ./Drivers/STM32G4xx_HAL_Driver/Src/stm32g4xx_hal_adc.o
 .text.LL_ADC_SetSamplingTimeCommonConfig
                0x08001596       0x26 ./Drivers/STM32G4xx_HAL_Driver/Src/stm32g4xx_hal_adc.o
 .text.LL_ADC_REG_SetSequencerRanks
                0x080015bc       0x58 ./Drivers/STM32G4xx_HAL_Driver/Src/stm32g4xx_hal_adc.o
 .text.LL_ADC_SetChannelSamplingTime
                0x08001614       0x56 ./Drivers/STM32G4xx_HAL_Driver/Src/stm32g4xx_hal_adc.o
 *fill*         0x0800166a        0x2 
 .text.LL_ADC_SetChannelSingleDiff
                0x0800166c       0x50 ./Drivers/STM32G4xx_HAL_Driver/Src/stm32g4xx_hal_adc.o
 .text.LL_ADC_DisableDeepPowerDown
                0x080016bc       0x24 ./Drivers/STM32G4xx_HAL_Driver/Src/stm32g4xx_hal_adc.o
 .text.LL_ADC_IsDeepPowerDownEnabled
                0x080016e0       0x28 ./Drivers/STM32G4xx_HAL_Driver/Src/stm32g4xx_hal_adc.o
 .text.LL_ADC_EnableInternalRegulator
                0x08001708       0x28 ./Drivers/STM32G4xx_HAL_Driver/Src/stm32g4xx_hal_adc.o
 .text.LL_ADC_IsInternalRegulatorEnabled
                0x08001730       0x28 ./Drivers/STM32G4xx_HAL_Driver/Src/stm32g4xx_hal_adc.o
 .text.LL_ADC_IsEnabled
                0x08001758       0x26 ./Drivers/STM32G4xx_HAL_Driver/Src/stm32g4xx_hal_adc.o
 .text.LL_ADC_REG_IsConversionOngoing
                0x0800177e       0x26 ./Drivers/STM32G4xx_HAL_Driver/Src/stm32g4xx_hal_adc.o
 .text.LL_ADC_INJ_IsConversionOngoing
                0x080017a4       0x26 ./Drivers/STM32G4xx_HAL_Driver/Src/stm32g4xx_hal_adc.o
 *fill*         0x080017ca        0x2 
 .text.HAL_ADC_Init
                0x080017cc      0x314 ./Drivers/STM32G4xx_HAL_Driver/Src/stm32g4xx_hal_adc.o
                0x080017cc                HAL_ADC_Init
 .text.HAL_ADC_ConfigChannel
                0x08001ae0      0x7e0 ./Drivers/STM32G4xx_HAL_Driver/Src/stm32g4xx_hal_adc.o
                0x08001ae0                HAL_ADC_ConfigChannel
 .text.LL_ADC_IsEnabled
                0x080022c0       0x26 ./Drivers/STM32G4xx_HAL_Driver/Src/stm32g4xx_hal_adc_ex.o
 .text.LL_ADC_REG_IsConversionOngoing
                0x080022e6       0x26 ./Drivers/STM32G4xx_HAL_Driver/Src/stm32g4xx_hal_adc_ex.o
 .text.HAL_ADCEx_MultiModeConfigChannel
                0x0800230c      0x148 ./Drivers/STM32G4xx_HAL_Driver/Src/stm32g4xx_hal_adc_ex.o
                0x0800230c                HAL_ADCEx_MultiModeConfigChannel
 .text.__NVIC_SetPriorityGrouping
                0x08002454       0x48 ./Drivers/STM32G4xx_HAL_Driver/Src/stm32g4xx_hal_cortex.o
 .text.__NVIC_GetPriorityGrouping
                0x0800249c       0x1c ./Drivers/STM32G4xx_HAL_Driver/Src/stm32g4xx_hal_cortex.o
 .text.__NVIC_EnableIRQ
                0x080024b8       0x3c ./Drivers/STM32G4xx_HAL_Driver/Src/stm32g4xx_hal_cortex.o
 .text.__NVIC_SetPriority
                0x080024f4       0x54 ./Drivers/STM32G4xx_HAL_Driver/Src/stm32g4xx_hal_cortex.o
 .text.NVIC_EncodePriority
                0x08002548       0x66 ./Drivers/STM32G4xx_HAL_Driver/Src/stm32g4xx_hal_cortex.o
 *fill*         0x080025ae        0x2 
 .text.SysTick_Config
                0x080025b0       0x44 ./Drivers/STM32G4xx_HAL_Driver/Src/stm32g4xx_hal_cortex.o
 .text.HAL_NVIC_SetPriorityGrouping
                0x080025f4       0x16 ./Drivers/STM32G4xx_HAL_Driver/Src/stm32g4xx_hal_cortex.o
                0x080025f4                HAL_NVIC_SetPriorityGrouping
 .text.HAL_NVIC_SetPriority
                0x0800260a       0x34 ./Drivers/STM32G4xx_HAL_Driver/Src/stm32g4xx_hal_cortex.o
                0x0800260a                HAL_NVIC_SetPriority
 .text.HAL_NVIC_EnableIRQ
                0x0800263e       0x1c ./Drivers/STM32G4xx_HAL_Driver/Src/stm32g4xx_hal_cortex.o
                0x0800263e                HAL_NVIC_EnableIRQ
 .text.HAL_SYSTICK_Config
                0x0800265a       0x18 ./Drivers/STM32G4xx_HAL_Driver/Src/stm32g4xx_hal_cortex.o
                0x0800265a                HAL_SYSTICK_Config
 *fill*         0x08002672        0x2 
 .text.HAL_DMA_Init
                0x08002674      0x150 ./Drivers/STM32G4xx_HAL_Driver/Src/stm32g4xx_hal_dma.o
                0x08002674                HAL_DMA_Init
 .text.HAL_DMA_Abort
                0x080027c4       0xb2 ./Drivers/STM32G4xx_HAL_Driver/Src/stm32g4xx_hal_dma.o
                0x080027c4                HAL_DMA_Abort
 .text.HAL_DMA_Abort_IT
                0x08002876       0xce ./Drivers/STM32G4xx_HAL_Driver/Src/stm32g4xx_hal_dma.o
                0x08002876                HAL_DMA_Abort_IT
 .text.HAL_DMA_IRQHandler
                0x08002944      0x15e ./Drivers/STM32G4xx_HAL_Driver/Src/stm32g4xx_hal_dma.o
                0x08002944                HAL_DMA_IRQHandler
 *fill*         0x08002aa2        0x2 
 .text.DMA_CalcDMAMUXChannelBaseAndMask
                0x08002aa4       0x7c ./Drivers/STM32G4xx_HAL_Driver/Src/stm32g4xx_hal_dma.o
 .text.DMA_CalcDMAMUXRequestGenBaseAndMask
                0x08002b20       0x48 ./Drivers/STM32G4xx_HAL_Driver/Src/stm32g4xx_hal_dma.o
 .text.HAL_GPIO_Init
                0x08002b68      0x304 ./Drivers/STM32G4xx_HAL_Driver/Src/stm32g4xx_hal_gpio.o
                0x08002b68                HAL_GPIO_Init
 .text.HAL_GPIO_WritePin
                0x08002e6c       0x30 ./Drivers/STM32G4xx_HAL_Driver/Src/stm32g4xx_hal_gpio.o
                0x08002e6c                HAL_GPIO_WritePin
 .text.HAL_I2C_Init
                0x08002e9c      0x11e ./Drivers/STM32G4xx_HAL_Driver/Src/stm32g4xx_hal_i2c.o
                0x08002e9c                HAL_I2C_Init
 .text.HAL_I2C_EV_IRQHandler
                0x08002fba       0x34 ./Drivers/STM32G4xx_HAL_Driver/Src/stm32g4xx_hal_i2c.o
                0x08002fba                HAL_I2C_EV_IRQHandler
 .text.HAL_I2CEx_ConfigAnalogFilter
                0x08002fee       0x96 ./Drivers/STM32G4xx_HAL_Driver/Src/stm32g4xx_hal_i2c_ex.o
                0x08002fee                HAL_I2CEx_ConfigAnalogFilter
 .text.HAL_I2CEx_ConfigDigitalFilter
                0x08003084       0x98 ./Drivers/STM32G4xx_HAL_Driver/Src/stm32g4xx_hal_i2c_ex.o
                0x08003084                HAL_I2CEx_ConfigDigitalFilter
 .text.HAL_PCD_Init
                0x0800311c      0x1ca ./Drivers/STM32G4xx_HAL_Driver/Src/stm32g4xx_hal_pcd.o
                0x0800311c                HAL_PCD_Init
 .text.HAL_PCD_Start
                0x080032e6       0x44 ./Drivers/STM32G4xx_HAL_Driver/Src/stm32g4xx_hal_pcd.o
                0x080032e6                HAL_PCD_Start
 .text.HAL_PCD_IRQHandler
                0x0800332a      0x24e ./Drivers/STM32G4xx_HAL_Driver/Src/stm32g4xx_hal_pcd.o
                0x0800332a                HAL_PCD_IRQHandler
 .text.HAL_PCD_SetAddress
                0x08003578       0x4a ./Drivers/STM32G4xx_HAL_Driver/Src/stm32g4xx_hal_pcd.o
                0x08003578                HAL_PCD_SetAddress
 .text.HAL_PCD_EP_Open
                0x080035c2       0xcc ./Drivers/STM32G4xx_HAL_Driver/Src/stm32g4xx_hal_pcd.o
                0x080035c2                HAL_PCD_EP_Open
 .text.HAL_PCD_EP_Close
                0x0800368e       0x90 ./Drivers/STM32G4xx_HAL_Driver/Src/stm32g4xx_hal_pcd.o
                0x0800368e                HAL_PCD_EP_Close
 .text.HAL_PCD_EP_Receive
                0x0800371e       0x7a ./Drivers/STM32G4xx_HAL_Driver/Src/stm32g4xx_hal_pcd.o
                0x0800371e                HAL_PCD_EP_Receive
 .text.HAL_PCD_EP_GetRxCount
                0x08003798       0x30 ./Drivers/STM32G4xx_HAL_Driver/Src/stm32g4xx_hal_pcd.o
                0x08003798                HAL_PCD_EP_GetRxCount
 .text.HAL_PCD_EP_Transmit
                0x080037c8       0x86 ./Drivers/STM32G4xx_HAL_Driver/Src/stm32g4xx_hal_pcd.o
                0x080037c8                HAL_PCD_EP_Transmit
 .text.HAL_PCD_EP_SetStall
                0x0800384e       0xa4 ./Drivers/STM32G4xx_HAL_Driver/Src/stm32g4xx_hal_pcd.o
                0x0800384e                HAL_PCD_EP_SetStall
 .text.HAL_PCD_EP_ClrStall
                0x080038f2       0xa8 ./Drivers/STM32G4xx_HAL_Driver/Src/stm32g4xx_hal_pcd.o
                0x080038f2                HAL_PCD_EP_ClrStall
 .text.PCD_EP_ISR_Handler
                0x0800399a      0x75e ./Drivers/STM32G4xx_HAL_Driver/Src/stm32g4xx_hal_pcd.o
 .text.HAL_PCD_EP_DB_Receive
                0x080040f8      0x212 ./Drivers/STM32G4xx_HAL_Driver/Src/stm32g4xx_hal_pcd.o
 .text.HAL_PCD_EP_DB_Transmit
                0x0800430a      0x79c ./Drivers/STM32G4xx_HAL_Driver/Src/stm32g4xx_hal_pcd.o
 .text.HAL_PCDEx_PMAConfig
                0x08004aa6       0x86 ./Drivers/STM32G4xx_HAL_Driver/Src/stm32g4xx_hal_pcd_ex.o
                0x08004aa6                HAL_PCDEx_PMAConfig
 .text.HAL_PCDEx_ActivateLPM
                0x08004b2c       0x54 ./Drivers/STM32G4xx_HAL_Driver/Src/stm32g4xx_hal_pcd_ex.o
                0x08004b2c                HAL_PCDEx_ActivateLPM
 .text.HAL_PWREx_ControlVoltageScaling
                0x08004b80      0x148 ./Drivers/STM32G4xx_HAL_Driver/Src/stm32g4xx_hal_pwr_ex.o
                0x08004b80                HAL_PWREx_ControlVoltageScaling
 .text.HAL_PWREx_DisableUCPDDeadBattery
                0x08004cc8       0x20 ./Drivers/STM32G4xx_HAL_Driver/Src/stm32g4xx_hal_pwr_ex.o
                0x08004cc8                HAL_PWREx_DisableUCPDDeadBattery
 .text.HAL_RCC_OscConfig
                0x08004ce8      0x630 ./Drivers/STM32G4xx_HAL_Driver/Src/stm32g4xx_hal_rcc.o
                0x08004ce8                HAL_RCC_OscConfig
 .text.HAL_RCC_ClockConfig
                0x08005318      0x278 ./Drivers/STM32G4xx_HAL_Driver/Src/stm32g4xx_hal_rcc.o
                0x08005318                HAL_RCC_ClockConfig
 .text.HAL_RCC_GetSysClockFreq
                0x08005590       0xc4 ./Drivers/STM32G4xx_HAL_Driver/Src/stm32g4xx_hal_rcc.o
                0x08005590                HAL_RCC_GetSysClockFreq
 .text.HAL_RCC_GetHCLKFreq
                0x08005654       0x18 ./Drivers/STM32G4xx_HAL_Driver/Src/stm32g4xx_hal_rcc.o
                0x08005654                HAL_RCC_GetHCLKFreq
 .text.HAL_RCC_GetPCLK1Freq
                0x0800566c       0x2c ./Drivers/STM32G4xx_HAL_Driver/Src/stm32g4xx_hal_rcc.o
                0x0800566c                HAL_RCC_GetPCLK1Freq
 .text.HAL_RCC_GetPCLK2Freq
                0x08005698       0x2c ./Drivers/STM32G4xx_HAL_Driver/Src/stm32g4xx_hal_rcc.o
                0x08005698                HAL_RCC_GetPCLK2Freq
 .text.RCC_GetSysClockFreqFromPLLSource
                0x080056c4       0x8c ./Drivers/STM32G4xx_HAL_Driver/Src/stm32g4xx_hal_rcc.o
 .text.HAL_RCCEx_PeriphCLKConfig
                0x08005750      0x3e0 ./Drivers/STM32G4xx_HAL_Driver/Src/stm32g4xx_hal_rcc_ex.o
                0x08005750                HAL_RCCEx_PeriphCLKConfig
 .text.HAL_SPI_Init
                0x08005b30      0x156 ./Drivers/STM32G4xx_HAL_Driver/Src/stm32g4xx_hal_spi.o
                0x08005b30                HAL_SPI_Init
 .text.HAL_UART_Init
                0x08005c86       0xa0 ./Drivers/STM32G4xx_HAL_Driver/Src/stm32g4xx_hal_uart.o
                0x08005c86                HAL_UART_Init
 *fill*         0x08005d26        0x2 
 .text.HAL_UART_IRQHandler
                0x08005d28      0x630 ./Drivers/STM32G4xx_HAL_Driver/Src/stm32g4xx_hal_uart.o
                0x08005d28                HAL_UART_IRQHandler
 .text.HAL_UART_TxCpltCallback
                0x08006358       0x14 ./Drivers/STM32G4xx_HAL_Driver/Src/stm32g4xx_hal_uart.o
                0x08006358                HAL_UART_TxCpltCallback
 .text.HAL_UART_ErrorCallback
                0x0800636c       0x14 ./Drivers/STM32G4xx_HAL_Driver/Src/stm32g4xx_hal_uart.o
                0x0800636c                HAL_UART_ErrorCallback
 .text.HAL_UARTEx_RxEventCallback
                0x08006380       0x18 ./Drivers/STM32G4xx_HAL_Driver/Src/stm32g4xx_hal_uart.o
                0x08006380                HAL_UARTEx_RxEventCallback
 .text.UART_SetConfig
                0x08006398      0x598 ./Drivers/STM32G4xx_HAL_Driver/Src/stm32g4xx_hal_uart.o
                0x08006398                UART_SetConfig
 .text.UART_AdvFeatureConfig
                0x08006930      0x144 ./Drivers/STM32G4xx_HAL_Driver/Src/stm32g4xx_hal_uart.o
                0x08006930                UART_AdvFeatureConfig
 .text.UART_CheckIdleState
                0x08006a74       0x96 ./Drivers/STM32G4xx_HAL_Driver/Src/stm32g4xx_hal_uart.o
                0x08006a74                UART_CheckIdleState
 .text.UART_WaitOnFlagUntilTimeout
                0x08006b0a      0x190 ./Drivers/STM32G4xx_HAL_Driver/Src/stm32g4xx_hal_uart.o
                0x08006b0a                UART_WaitOnFlagUntilTimeout
 .text.UART_EndRxTransfer
                0x08006c9a       0xcc ./Drivers/STM32G4xx_HAL_Driver/Src/stm32g4xx_hal_uart.o
 .text.UART_DMAAbortOnError
                0x08006d66       0x2c ./Drivers/STM32G4xx_HAL_Driver/Src/stm32g4xx_hal_uart.o
 .text.UART_EndTransmit_IT
                0x08006d92       0x56 ./Drivers/STM32G4xx_HAL_Driver/Src/stm32g4xx_hal_uart.o
 .text.HAL_UARTEx_WakeupCallback
                0x08006de8       0x14 ./Drivers/STM32G4xx_HAL_Driver/Src/stm32g4xx_hal_uart_ex.o
                0x08006de8                HAL_UARTEx_WakeupCallback
 .text.HAL_UARTEx_RxFifoFullCallback
                0x08006dfc       0x14 ./Drivers/STM32G4xx_HAL_Driver/Src/stm32g4xx_hal_uart_ex.o
                0x08006dfc                HAL_UARTEx_RxFifoFullCallback
 .text.HAL_UARTEx_TxFifoEmptyCallback
                0x08006e10       0x14 ./Drivers/STM32G4xx_HAL_Driver/Src/stm32g4xx_hal_uart_ex.o
                0x08006e10                HAL_UARTEx_TxFifoEmptyCallback
 .text.HAL_UARTEx_DisableFifoMode
                0x08006e24       0x72 ./Drivers/STM32G4xx_HAL_Driver/Src/stm32g4xx_hal_uart_ex.o
                0x08006e24                HAL_UARTEx_DisableFifoMode
 .text.HAL_UARTEx_SetTxFifoThreshold
                0x08006e96       0x7c ./Drivers/STM32G4xx_HAL_Driver/Src/stm32g4xx_hal_uart_ex.o
                0x08006e96                HAL_UARTEx_SetTxFifoThreshold
 .text.HAL_UARTEx_SetRxFifoThreshold
                0x08006f12       0x7c ./Drivers/STM32G4xx_HAL_Driver/Src/stm32g4xx_hal_uart_ex.o
                0x08006f12                HAL_UARTEx_SetRxFifoThreshold
 *fill*         0x08006f8e        0x2 
 .text.UARTEx_SetNbDataToProcess
                0x08006f90       0x9c ./Drivers/STM32G4xx_HAL_Driver/Src/stm32g4xx_hal_uart_ex.o
 .text.USB_EnableGlobalInt
                0x0800702c       0x2e ./Drivers/STM32G4xx_HAL_Driver/Src/stm32g4xx_ll_usb.o
                0x0800702c                USB_EnableGlobalInt
 .text.USB_DisableGlobalInt
                0x0800705a       0x36 ./Drivers/STM32G4xx_HAL_Driver/Src/stm32g4xx_ll_usb.o
                0x0800705a                USB_DisableGlobalInt
 .text.USB_DevInit
                0x08007090       0x42 ./Drivers/STM32G4xx_HAL_Driver/Src/stm32g4xx_ll_usb.o
                0x08007090                USB_DevInit
 *fill*         0x080070d2        0x2 
 .text.USB_ActivateEndpoint
                0x080070d4      0x728 ./Drivers/STM32G4xx_HAL_Driver/Src/stm32g4xx_ll_usb.o
                0x080070d4                USB_ActivateEndpoint
 .text.USB_DeactivateEndpoint
                0x080077fc      0x3da ./Drivers/STM32G4xx_HAL_Driver/Src/stm32g4xx_ll_usb.o
                0x080077fc                USB_DeactivateEndpoint
 .text.USB_EPStartXfer
                0x08007bd6     0x166c ./Drivers/STM32G4xx_HAL_Driver/Src/stm32g4xx_ll_usb.o
                0x08007bd6                USB_EPStartXfer
 .text.USB_EPSetStall
                0x08009242       0xa2 ./Drivers/STM32G4xx_HAL_Driver/Src/stm32g4xx_ll_usb.o
                0x08009242                USB_EPSetStall
 .text.USB_EPClearStall
                0x080092e4      0x15c ./Drivers/STM32G4xx_HAL_Driver/Src/stm32g4xx_ll_usb.o
                0x080092e4                USB_EPClearStall
 .text.USB_SetDevAddress
                0x08009440       0x28 ./Drivers/STM32G4xx_HAL_Driver/Src/stm32g4xx_ll_usb.o
                0x08009440                USB_SetDevAddress
 .text.USB_DevConnect
                0x08009468       0x2e ./Drivers/STM32G4xx_HAL_Driver/Src/stm32g4xx_ll_usb.o
                0x08009468                USB_DevConnect
 .text.USB_ReadInterrupts
                0x08009496       0x20 ./Drivers/STM32G4xx_HAL_Driver/Src/stm32g4xx_ll_usb.o
                0x08009496                USB_ReadInterrupts
 .text.USB_WritePMA
                0x080094b6       0x82 ./Drivers/STM32G4xx_HAL_Driver/Src/stm32g4xx_ll_usb.o
                0x080094b6                USB_WritePMA
 .text.USB_ReadPMA
                0x08009538       0x98 ./Drivers/STM32G4xx_HAL_Driver/Src/stm32g4xx_ll_usb.o
                0x08009538                USB_ReadPMA
 .text.USBD_CDC_Init
                0x080095d0       0xfe ./Middlewares/ST/STM32_USB_Device_Library/Class/CDC/Src/usbd_cdc.o
 .text.USBD_CDC_DeInit
                0x080096ce       0x74 ./Middlewares/ST/STM32_USB_Device_Library/Class/CDC/Src/usbd_cdc.o
 *fill*         0x08009742        0x2 
 .text.USBD_CDC_Setup
                0x08009744      0x190 ./Middlewares/ST/STM32_USB_Device_Library/Class/CDC/Src/usbd_cdc.o
 .text.USBD_CDC_DataIn
                0x080098d4       0xca ./Middlewares/ST/STM32_USB_Device_Library/Class/CDC/Src/usbd_cdc.o
 .text.USBD_CDC_DataOut
                0x0800999e       0x56 ./Middlewares/ST/STM32_USB_Device_Library/Class/CDC/Src/usbd_cdc.o
 .text.USBD_CDC_EP0_RxReady
                0x080099f4       0x58 ./Middlewares/ST/STM32_USB_Device_Library/Class/CDC/Src/usbd_cdc.o
 .text.USBD_CDC_GetFSCfgDesc
                0x08009a4c       0x20 ./Middlewares/ST/STM32_USB_Device_Library/Class/CDC/Src/usbd_cdc.o
 .text.USBD_CDC_GetHSCfgDesc
                0x08009a6c       0x20 ./Middlewares/ST/STM32_USB_Device_Library/Class/CDC/Src/usbd_cdc.o
 .text.USBD_CDC_GetOtherSpeedCfgDesc
                0x08009a8c       0x20 ./Middlewares/ST/STM32_USB_Device_Library/Class/CDC/Src/usbd_cdc.o
 .text.USBD_CDC_GetDeviceQualifierDescriptor
                0x08009aac       0x20 ./Middlewares/ST/STM32_USB_Device_Library/Class/CDC/Src/usbd_cdc.o
                0x08009aac                USBD_CDC_GetDeviceQualifierDescriptor
 .text.USBD_CDC_RegisterInterface
                0x08009acc       0x2a ./Middlewares/ST/STM32_USB_Device_Library/Class/CDC/Src/usbd_cdc.o
                0x08009acc                USBD_CDC_RegisterInterface
 .text.USBD_CDC_SetTxBuffer
                0x08009af6       0x3c ./Middlewares/ST/STM32_USB_Device_Library/Class/CDC/Src/usbd_cdc.o
                0x08009af6                USBD_CDC_SetTxBuffer
 .text.USBD_CDC_SetRxBuffer
                0x08009b32       0x32 ./Middlewares/ST/STM32_USB_Device_Library/Class/CDC/Src/usbd_cdc.o
                0x08009b32                USBD_CDC_SetRxBuffer
 .text.USBD_CDC_ReceivePacket
                0x08009b64       0x54 ./Middlewares/ST/STM32_USB_Device_Library/Class/CDC/Src/usbd_cdc.o
                0x08009b64                USBD_CDC_ReceivePacket
 .text.USBD_Init
                0x08009bb8       0x60 ./Middlewares/ST/STM32_USB_Device_Library/Core/Src/usbd_core.o
                0x08009bb8                USBD_Init
 .text.USBD_RegisterClass
                0x08009c18       0x4e ./Middlewares/ST/STM32_USB_Device_Library/Core/Src/usbd_core.o
                0x08009c18                USBD_RegisterClass
 .text.USBD_Start
                0x08009c66       0x18 ./Middlewares/ST/STM32_USB_Device_Library/Core/Src/usbd_core.o
                0x08009c66                USBD_Start
 .text.USBD_RunTestMode
                0x08009c7e       0x16 ./Middlewares/ST/STM32_USB_Device_Library/Core/Src/usbd_core.o
                0x08009c7e                USBD_RunTestMode
 .text.USBD_SetClassConfig
                0x08009c94       0x38 ./Middlewares/ST/STM32_USB_Device_Library/Core/Src/usbd_core.o
                0x08009c94                USBD_SetClassConfig
 .text.USBD_ClrClassConfig
                0x08009ccc       0x30 ./Middlewares/ST/STM32_USB_Device_Library/Core/Src/usbd_core.o
                0x08009ccc                USBD_ClrClassConfig
 .text.USBD_LL_SetupStage
                0x08009cfc       0xaa ./Middlewares/ST/STM32_USB_Device_Library/Core/Src/usbd_core.o
                0x08009cfc                USBD_LL_SetupStage
 .text.USBD_LL_DataOutStage
                0x08009da6       0xc6 ./Middlewares/ST/STM32_USB_Device_Library/Core/Src/usbd_core.o
                0x08009da6                USBD_LL_DataOutStage
 .text.USBD_LL_DataInStage
                0x08009e6c      0x12c ./Middlewares/ST/STM32_USB_Device_Library/Core/Src/usbd_core.o
                0x08009e6c                USBD_LL_DataInStage
 .text.USBD_LL_Reset
                0x08009f98       0x9c ./Middlewares/ST/STM32_USB_Device_Library/Core/Src/usbd_core.o
                0x08009f98                USBD_LL_Reset
 .text.USBD_LL_SetSpeed
                0x0800a034       0x20 ./Middlewares/ST/STM32_USB_Device_Library/Core/Src/usbd_core.o
                0x0800a034                USBD_LL_SetSpeed
 .text.USBD_LL_Suspend
                0x0800a054       0x2c ./Middlewares/ST/STM32_USB_Device_Library/Core/Src/usbd_core.o
                0x0800a054                USBD_LL_Suspend
 .text.USBD_LL_Resume
                0x0800a080       0x30 ./Middlewares/ST/STM32_USB_Device_Library/Core/Src/usbd_core.o
                0x0800a080                USBD_LL_Resume
 .text.USBD_LL_SOF
                0x0800a0b0       0x44 ./Middlewares/ST/STM32_USB_Device_Library/Core/Src/usbd_core.o
                0x0800a0b0                USBD_LL_SOF
 .text.SWAPBYTE
                0x0800a0f4       0x3c ./Middlewares/ST/STM32_USB_Device_Library/Core/Src/usbd_ctlreq.o
 .text.USBD_StdDevReq
                0x0800a130       0xdc ./Middlewares/ST/STM32_USB_Device_Library/Core/Src/usbd_ctlreq.o
                0x0800a130                USBD_StdDevReq
 .text.USBD_StdItfReq
                0x0800a20c       0x92 ./Middlewares/ST/STM32_USB_Device_Library/Core/Src/usbd_ctlreq.o
                0x0800a20c                USBD_StdItfReq
 .text.USBD_StdEPReq
                0x0800a29e      0x2c4 ./Middlewares/ST/STM32_USB_Device_Library/Core/Src/usbd_ctlreq.o
                0x0800a29e                USBD_StdEPReq
 *fill*         0x0800a562        0x2 
 .text.USBD_GetDescriptor
                0x0800a564      0x328 ./Middlewares/ST/STM32_USB_Device_Library/Core/Src/usbd_ctlreq.o
 .text.USBD_SetAddress
                0x0800a88c       0x88 ./Middlewares/ST/STM32_USB_Device_Library/Core/Src/usbd_ctlreq.o
 .text.USBD_SetConfig
                0x0800a914      0x14c ./Middlewares/ST/STM32_USB_Device_Library/Core/Src/usbd_ctlreq.o
 .text.USBD_GetConfig
                0x0800aa60       0x6c ./Middlewares/ST/STM32_USB_Device_Library/Core/Src/usbd_ctlreq.o
 .text.USBD_GetStatus
                0x0800aacc       0x68 ./Middlewares/ST/STM32_USB_Device_Library/Core/Src/usbd_ctlreq.o
 .text.USBD_SetFeature
                0x0800ab34       0x28 ./Middlewares/ST/STM32_USB_Device_Library/Core/Src/usbd_ctlreq.o
 .text.USBD_ClrFeature
                0x0800ab5c       0x44 ./Middlewares/ST/STM32_USB_Device_Library/Core/Src/usbd_ctlreq.o
 .text.USBD_ParseSetupRequest
                0x0800aba0       0x74 ./Middlewares/ST/STM32_USB_Device_Library/Core/Src/usbd_ctlreq.o
                0x0800aba0                USBD_ParseSetupRequest
 .text.USBD_CtlError
                0x0800ac14       0x22 ./Middlewares/ST/STM32_USB_Device_Library/Core/Src/usbd_ctlreq.o
                0x0800ac14                USBD_CtlError
 .text.USBD_GetString
                0x0800ac36       0x8c ./Middlewares/ST/STM32_USB_Device_Library/Core/Src/usbd_ctlreq.o
                0x0800ac36                USBD_GetString
 .text.USBD_GetLen
                0x0800acc2       0x34 ./Middlewares/ST/STM32_USB_Device_Library/Core/Src/usbd_ctlreq.o
 .text.USBD_CtlSendData
                0x0800acf6       0x36 ./Middlewares/ST/STM32_USB_Device_Library/Core/Src/usbd_ioreq.o
                0x0800acf6                USBD_CtlSendData
 .text.USBD_CtlContinueSendData
                0x0800ad2c       0x22 ./Middlewares/ST/STM32_USB_Device_Library/Core/Src/usbd_ioreq.o
                0x0800ad2c                USBD_CtlContinueSendData
 .text.USBD_CtlPrepareRx
                0x0800ad4e       0x3a ./Middlewares/ST/STM32_USB_Device_Library/Core/Src/usbd_ioreq.o
                0x0800ad4e                USBD_CtlPrepareRx
 .text.USBD_CtlContinueRx
                0x0800ad88       0x22 ./Middlewares/ST/STM32_USB_Device_Library/Core/Src/usbd_ioreq.o
                0x0800ad88                USBD_CtlContinueRx
 .text.USBD_CtlSendStatus
                0x0800adaa       0x26 ./Middlewares/ST/STM32_USB_Device_Library/Core/Src/usbd_ioreq.o
                0x0800adaa                USBD_CtlSendStatus
 .text.USBD_CtlReceiveStatus
                0x0800add0       0x26 ./Middlewares/ST/STM32_USB_Device_Library/Core/Src/usbd_ioreq.o
                0x0800add0                USBD_CtlReceiveStatus
 *fill*         0x0800adf6        0x2 
 .text.MX_USB_Device_Init
                0x0800adf8       0x60 ./USB_Device/App/usb_device.o
                0x0800adf8                MX_USB_Device_Init
 .text.CDC_Init_FS
                0x0800ae58       0x28 ./USB_Device/App/usbd_cdc_if.o
 .text.CDC_DeInit_FS
                0x0800ae80       0x10 ./USB_Device/App/usbd_cdc_if.o
 .text.CDC_Control_FS
                0x0800ae90       0xbc ./USB_Device/App/usbd_cdc_if.o
 .text.CDC_Receive_FS
                0x0800af4c       0x28 ./USB_Device/App/usbd_cdc_if.o
 .text.CDC_TransmitCplt_FS
                0x0800af74       0x22 ./USB_Device/App/usbd_cdc_if.o
 *fill*         0x0800af96        0x2 
 .text.USBD_CDC_DeviceDescriptor
                0x0800af98       0x24 ./USB_Device/App/usbd_desc.o
                0x0800af98                USBD_CDC_DeviceDescriptor
 .text.USBD_CDC_LangIDStrDescriptor
                0x0800afbc       0x24 ./USB_Device/App/usbd_desc.o
                0x0800afbc                USBD_CDC_LangIDStrDescriptor
 .text.USBD_CDC_ProductStrDescriptor
                0x0800afe0       0x3c ./USB_Device/App/usbd_desc.o
                0x0800afe0                USBD_CDC_ProductStrDescriptor
 .text.USBD_CDC_ManufacturerStrDescriptor
                0x0800b01c       0x28 ./USB_Device/App/usbd_desc.o
                0x0800b01c                USBD_CDC_ManufacturerStrDescriptor
 .text.USBD_CDC_SerialStrDescriptor
                0x0800b044       0x24 ./USB_Device/App/usbd_desc.o
                0x0800b044                USBD_CDC_SerialStrDescriptor
 .text.USBD_CDC_ConfigStrDescriptor
                0x0800b068       0x3c ./USB_Device/App/usbd_desc.o
                0x0800b068                USBD_CDC_ConfigStrDescriptor
 .text.USBD_CDC_InterfaceStrDescriptor
                0x0800b0a4       0x3c ./USB_Device/App/usbd_desc.o
                0x0800b0a4                USBD_CDC_InterfaceStrDescriptor
 .text.Get_SerialNum
                0x0800b0e0       0x58 ./USB_Device/App/usbd_desc.o
 .text.IntToUnicode
                0x0800b138       0x7e ./USB_Device/App/usbd_desc.o
 *fill*         0x0800b1b6        0x2 
 .text.HAL_PCD_MspInit
                0x0800b1b8       0x78 ./USB_Device/Target/usbd_conf.o
                0x0800b1b8                HAL_PCD_MspInit
 .text.HAL_PCD_SetupStageCallback
                0x0800b230       0x24 ./USB_Device/Target/usbd_conf.o
                0x0800b230                HAL_PCD_SetupStageCallback
 .text.HAL_PCD_DataOutStageCallback
                0x0800b254       0x36 ./USB_Device/Target/usbd_conf.o
                0x0800b254                HAL_PCD_DataOutStageCallback
 .text.HAL_PCD_DataInStageCallback
                0x0800b28a       0x34 ./USB_Device/Target/usbd_conf.o
                0x0800b28a                HAL_PCD_DataInStageCallback
 .text.HAL_PCD_SOFCallback
                0x0800b2be       0x1c ./USB_Device/Target/usbd_conf.o
                0x0800b2be                HAL_PCD_SOFCallback
 .text.HAL_PCD_ResetCallback
                0x0800b2da       0x3c ./USB_Device/Target/usbd_conf.o
                0x0800b2da                HAL_PCD_ResetCallback
 *fill*         0x0800b316        0x2 
 .text.HAL_PCD_SuspendCallback
                0x0800b318       0x34 ./USB_Device/Target/usbd_conf.o
                0x0800b318                HAL_PCD_SuspendCallback
 .text.HAL_PCD_ResumeCallback
                0x0800b34c       0x38 ./USB_Device/Target/usbd_conf.o
                0x0800b34c                HAL_PCD_ResumeCallback
 .text.USBD_LL_Init
                0x0800b384       0xc0 ./USB_Device/Target/usbd_conf.o
                0x0800b384                USBD_LL_Init
 .text.USBD_LL_Start
                0x0800b444       0x36 ./USB_Device/Target/usbd_conf.o
                0x0800b444                USBD_LL_Start
 .text.USBD_LL_OpenEP
                0x0800b47a       0x4c ./USB_Device/Target/usbd_conf.o
                0x0800b47a                USBD_LL_OpenEP
 .text.USBD_LL_CloseEP
                0x0800b4c6       0x3e ./USB_Device/Target/usbd_conf.o
                0x0800b4c6                USBD_LL_CloseEP
 .text.USBD_LL_StallEP
                0x0800b504       0x3e ./USB_Device/Target/usbd_conf.o
                0x0800b504                USBD_LL_StallEP
 .text.USBD_LL_ClearStallEP
                0x0800b542       0x3e ./USB_Device/Target/usbd_conf.o
                0x0800b542                USBD_LL_ClearStallEP
 .text.USBD_LL_IsStallEP
                0x0800b580       0x5a ./USB_Device/Target/usbd_conf.o
                0x0800b580                USBD_LL_IsStallEP
 .text.USBD_LL_SetUSBAddress
                0x0800b5da       0x3e ./USB_Device/Target/usbd_conf.o
                0x0800b5da                USBD_LL_SetUSBAddress
 .text.USBD_LL_Transmit
                0x0800b618       0x42 ./USB_Device/Target/usbd_conf.o
                0x0800b618                USBD_LL_Transmit
 .text.USBD_LL_PrepareReceive
                0x0800b65a       0x42 ./USB_Device/Target/usbd_conf.o
                0x0800b65a                USBD_LL_PrepareReceive
 .text.USBD_LL_GetRxDataSize
                0x0800b69c       0x26 ./USB_Device/Target/usbd_conf.o
                0x0800b69c                USBD_LL_GetRxDataSize
 *fill*         0x0800b6c2        0x2 
 .text.HAL_PCDEx_LPM_Callback
                0x0800b6c4       0x6c ./USB_Device/Target/usbd_conf.o
                0x0800b6c4                HAL_PCDEx_LPM_Callback
 .text.USBD_static_malloc
                0x0800b730       0x1c ./USB_Device/Target/usbd_conf.o
                0x0800b730                USBD_static_malloc
 .text.USBD_static_free
                0x0800b74c       0x14 ./USB_Device/Target/usbd_conf.o
                0x0800b74c                USBD_static_free
 .text.SystemClockConfig_Resume
                0x0800b760        0xc ./USB_Device/Target/usbd_conf.o
 .text.USBD_Get_USB_Status
                0x0800b76c       0x58 ./USB_Device/Target/usbd_conf.o
 .text.memset   0x0800b7c4       0x10 E:/STM32CubeIDE/STM32CubeIDE_1.15.1/STM32CubeIDE/plugins/com.st.stm32cube.ide.mcu.externaltools.gnu-tools-for-stm32.12.3.rel1.win32_1.0.100.202403111256/tools/bin/../lib/gcc/arm-none-eabi/12.3.1/../../../../arm-none-eabi/lib/thumb/v7e-m+fp/hard\libc_nano.a(libc_a-memset.o)
                0x0800b7c4                memset
 .text.__libc_init_array
                0x0800b7d4       0x48 E:/STM32CubeIDE/STM32CubeIDE_1.15.1/STM32CubeIDE/plugins/com.st.stm32cube.ide.mcu.externaltools.gnu-tools-for-stm32.12.3.rel1.win32_1.0.100.202403111256/tools/bin/../lib/gcc/arm-none-eabi/12.3.1/../../../../arm-none-eabi/lib/thumb/v7e-m+fp/hard\libc_nano.a(libc_a-init.o)
                0x0800b7d4                __libc_init_array
 *(.glue_7)
 .glue_7        0x0800b81c        0x0 linker stubs
 *(.glue_7t)
 .glue_7t       0x0800b81c        0x0 linker stubs
 *(.eh_frame)
 .eh_frame      0x0800b81c        0x0 E:/STM32CubeIDE/STM32CubeIDE_1.15.1/STM32CubeIDE/plugins/com.st.stm32cube.ide.mcu.externaltools.gnu-tools-for-stm32.12.3.rel1.win32_1.0.100.202403111256/tools/bin/../lib/gcc/arm-none-eabi/12.3.1/thumb/v7e-m+fp/hard/crtbegin.o
 *(.init)
 .init          0x0800b81c        0x4 E:/STM32CubeIDE/STM32CubeIDE_1.15.1/STM32CubeIDE/plugins/com.st.stm32cube.ide.mcu.externaltools.gnu-tools-for-stm32.12.3.rel1.win32_1.0.100.202403111256/tools/bin/../lib/gcc/arm-none-eabi/12.3.1/thumb/v7e-m+fp/hard/crti.o
                0x0800b81c                _init
 .init          0x0800b820        0x8 E:/STM32CubeIDE/STM32CubeIDE_1.15.1/STM32CubeIDE/plugins/com.st.stm32cube.ide.mcu.externaltools.gnu-tools-for-stm32.12.3.rel1.win32_1.0.100.202403111256/tools/bin/../lib/gcc/arm-none-eabi/12.3.1/thumb/v7e-m+fp/hard/crtn.o
 *(.fini)
 .fini          0x0800b828        0x4 E:/STM32CubeIDE/STM32CubeIDE_1.15.1/STM32CubeIDE/plugins/com.st.stm32cube.ide.mcu.externaltools.gnu-tools-for-stm32.12.3.rel1.win32_1.0.100.202403111256/tools/bin/../lib/gcc/arm-none-eabi/12.3.1/thumb/v7e-m+fp/hard/crti.o
                0x0800b828                _fini
 .fini          0x0800b82c        0x8 E:/STM32CubeIDE/STM32CubeIDE_1.15.1/STM32CubeIDE/plugins/com.st.stm32cube.ide.mcu.externaltools.gnu-tools-for-stm32.12.3.rel1.win32_1.0.100.202403111256/tools/bin/../lib/gcc/arm-none-eabi/12.3.1/thumb/v7e-m+fp/hard/crtn.o
                0x0800b834                        . = ALIGN (0x4)
                0x0800b834                        _etext = .

.vfp11_veneer   0x0800b834        0x0
 .vfp11_veneer  0x0800b834        0x0 linker stubs

.v4_bx          0x0800b834        0x0
 .v4_bx         0x0800b834        0x0 linker stubs

.iplt           0x0800b834        0x0
 .iplt          0x0800b834        0x0 E:/STM32CubeIDE/STM32CubeIDE_1.15.1/STM32CubeIDE/plugins/com.st.stm32cube.ide.mcu.externaltools.gnu-tools-for-stm32.12.3.rel1.win32_1.0.100.202403111256/tools/bin/../lib/gcc/arm-none-eabi/12.3.1/thumb/v7e-m+fp/hard/crtbegin.o

.rodata         0x0800b834       0x88
                0x0800b834                        . = ALIGN (0x4)
 *(.rodata)
 .rodata        0x0800b834       0x46 ./USB_Device/App/usbd_desc.o
 *(.rodata*)
 *fill*         0x0800b87a        0x2 
 .rodata.AHBPrescTable
                0x0800b87c       0x10 ./Core/Src/system_stm32g4xx.o
                0x0800b87c                AHBPrescTable
 .rodata.APBPrescTable
                0x0800b88c        0x8 ./Core/Src/system_stm32g4xx.o
                0x0800b88c                APBPrescTable
 .rodata.UARTPrescTable
                0x0800b894       0x18 ./Drivers/STM32G4xx_HAL_Driver/Src/stm32g4xx_hal_uart.o
                0x0800b894                UARTPrescTable
 .rodata.numerator.1
                0x0800b8ac        0x8 ./Drivers/STM32G4xx_HAL_Driver/Src/stm32g4xx_hal_uart_ex.o
 .rodata.denominator.0
                0x0800b8b4        0x8 ./Drivers/STM32G4xx_HAL_Driver/Src/stm32g4xx_hal_uart_ex.o
                0x0800b8bc                        . = ALIGN (0x4)

.ARM.extab      0x0800b8bc        0x0
                0x0800b8bc                        . = ALIGN (0x4)
 *(.ARM.extab* .gnu.linkonce.armextab.*)
                0x0800b8bc                        . = ALIGN (0x4)

.ARM            0x0800b8bc        0x8
                0x0800b8bc                        . = ALIGN (0x4)
                0x0800b8bc                        __exidx_start = .
 *(.ARM.exidx*)
 .ARM.exidx     0x0800b8bc        0x8 E:/STM32CubeIDE/STM32CubeIDE_1.15.1/STM32CubeIDE/plugins/com.st.stm32cube.ide.mcu.externaltools.gnu-tools-for-stm32.12.3.rel1.win32_1.0.100.202403111256/tools/bin/../lib/gcc/arm-none-eabi/12.3.1/thumb/v7e-m+fp/hard\libgcc.a(_udivmoddi4.o)
                0x0800b8c4                        __exidx_end = .
                0x0800b8c4                        . = ALIGN (0x4)

.preinit_array  0x0800b8c4        0x0
                0x0800b8c4                        . = ALIGN (0x4)
                0x0800b8c4                        PROVIDE (__preinit_array_start = .)
 *(.preinit_array*)
                0x0800b8c4                        PROVIDE (__preinit_array_end = .)
                0x0800b8c4                        . = ALIGN (0x4)

.init_array     0x0800b8c4        0x4
                0x0800b8c4                        . = ALIGN (0x4)
                0x0800b8c4                        PROVIDE (__init_array_start = .)
 *(SORT_BY_NAME(.init_array.*))
 *(.init_array*)
 .init_array    0x0800b8c4        0x4 E:/STM32CubeIDE/STM32CubeIDE_1.15.1/STM32CubeIDE/plugins/com.st.stm32cube.ide.mcu.externaltools.gnu-tools-for-stm32.12.3.rel1.win32_1.0.100.202403111256/tools/bin/../lib/gcc/arm-none-eabi/12.3.1/thumb/v7e-m+fp/hard/crtbegin.o
                0x0800b8c8                        PROVIDE (__init_array_end = .)
                0x0800b8c8                        . = ALIGN (0x4)

.fini_array     0x0800b8c8        0x4
                0x0800b8c8                        . = ALIGN (0x4)
                [!provide]                        PROVIDE (__fini_array_start = .)
 *(SORT_BY_NAME(.fini_array.*))
 *(.fini_array*)
 .fini_array    0x0800b8c8        0x4 E:/STM32CubeIDE/STM32CubeIDE_1.15.1/STM32CubeIDE/plugins/com.st.stm32cube.ide.mcu.externaltools.gnu-tools-for-stm32.12.3.rel1.win32_1.0.100.202403111256/tools/bin/../lib/gcc/arm-none-eabi/12.3.1/thumb/v7e-m+fp/hard/crtbegin.o
                [!provide]                        PROVIDE (__fini_array_end = .)
                0x0800b8cc                        . = ALIGN (0x4)
                0x0800b8cc                        _sidata = LOADADDR (.data)

.rel.dyn        0x0800b8cc        0x0
 .rel.iplt      0x0800b8cc        0x0 E:/STM32CubeIDE/STM32CubeIDE_1.15.1/STM32CubeIDE/plugins/com.st.stm32cube.ide.mcu.externaltools.gnu-tools-for-stm32.12.3.rel1.win32_1.0.100.202403111256/tools/bin/../lib/gcc/arm-none-eabi/12.3.1/thumb/v7e-m+fp/hard/crtbegin.o

.data           0x20000000      0x184 load address 0x0800b8cc
                0x20000000                        . = ALIGN (0x4)
                0x20000000                        _sdata = .
 *(.data)
 *(.data*)
 .data.SystemCoreClock
                0x20000000        0x4 ./Core/Src/system_stm32g4xx.o
                0x20000000                SystemCoreClock
 .data.uwTickPrio
                0x20000004        0x4 ./Drivers/STM32G4xx_HAL_Driver/Src/stm32g4xx_hal.o
                0x20000004                uwTickPrio
 .data.uwTickFreq
                0x20000008        0x4 ./Drivers/STM32G4xx_HAL_Driver/Src/stm32g4xx_hal.o
                0x20000008                uwTickFreq
 .data.USBD_CDC_DeviceQualifierDesc
                0x2000000c        0xa ./Middlewares/ST/STM32_USB_Device_Library/Class/CDC/Src/usbd_cdc.o
 *fill*         0x20000016        0x2 
 .data.USBD_CDC
                0x20000018       0x38 ./Middlewares/ST/STM32_USB_Device_Library/Class/CDC/Src/usbd_cdc.o
                0x20000018                USBD_CDC
 .data.USBD_CDC_CfgHSDesc
                0x20000050       0x43 ./Middlewares/ST/STM32_USB_Device_Library/Class/CDC/Src/usbd_cdc.o
 *fill*         0x20000093        0x1 
 .data.USBD_CDC_CfgFSDesc
                0x20000094       0x43 ./Middlewares/ST/STM32_USB_Device_Library/Class/CDC/Src/usbd_cdc.o
 *fill*         0x200000d7        0x1 
 .data.USBD_CDC_OtherSpeedCfgDesc
                0x200000d8       0x43 ./Middlewares/ST/STM32_USB_Device_Library/Class/CDC/Src/usbd_cdc.o
 *fill*         0x2000011b        0x1 
 .data.USBD_Interface_fops_FS
                0x2000011c       0x14 ./USB_Device/App/usbd_cdc_if.o
                0x2000011c                USBD_Interface_fops_FS
 .data.CDC_Desc
                0x20000130       0x20 ./USB_Device/App/usbd_desc.o
                0x20000130                CDC_Desc
 .data.USBD_CDC_DeviceDesc
                0x20000150       0x12 ./USB_Device/App/usbd_desc.o
                0x20000150                USBD_CDC_DeviceDesc
 *fill*         0x20000162        0x2 
 .data.USBD_LangIDDesc
                0x20000164        0x4 ./USB_Device/App/usbd_desc.o
                0x20000164                USBD_LangIDDesc
 .data.USBD_StringSerial
                0x20000168       0x1a ./USB_Device/App/usbd_desc.o
                0x20000168                USBD_StringSerial
 *(.RamFunc)
 *(.RamFunc*)
                0x20000184                        . = ALIGN (0x4)
 *fill*         0x20000182        0x2 
                0x20000184                        _edata = .

.igot.plt       0x20000184        0x0 load address 0x0800ba50
 .igot.plt      0x20000184        0x0 E:/STM32CubeIDE/STM32CubeIDE_1.15.1/STM32CubeIDE/plugins/com.st.stm32cube.ide.mcu.externaltools.gnu-tools-for-stm32.12.3.rel1.win32_1.0.100.202403111256/tools/bin/../lib/gcc/arm-none-eabi/12.3.1/thumb/v7e-m+fp/hard/crtbegin.o
                0x20000184                        . = ALIGN (0x4)

.bss            0x20000184     0x1510 load address 0x0800ba50
                0x20000184                        _sbss = .
                0x20000184                        __bss_start__ = _sbss
 *(.bss)
 .bss           0x20000184       0x1c E:/STM32CubeIDE/STM32CubeIDE_1.15.1/STM32CubeIDE/plugins/com.st.stm32cube.ide.mcu.externaltools.gnu-tools-for-stm32.12.3.rel1.win32_1.0.100.202403111256/tools/bin/../lib/gcc/arm-none-eabi/12.3.1/thumb/v7e-m+fp/hard/crtbegin.o
 *(.bss*)
 .bss.hadc1     0x200001a0       0x6c ./Core/Src/main.o
                0x200001a0                hadc1
 .bss.hdma_adc1
                0x2000020c       0x60 ./Core/Src/main.o
                0x2000020c                hdma_adc1
 .bss.hi2c1     0x2000026c       0x4c ./Core/Src/main.o
                0x2000026c                hi2c1
 .bss.hi2c2     0x200002b8       0x4c ./Core/Src/main.o
                0x200002b8                hi2c2
 .bss.hi2c3     0x20000304       0x4c ./Core/Src/main.o
                0x20000304                hi2c3
 .bss.hspi2     0x20000350       0x64 ./Core/Src/main.o
                0x20000350                hspi2
 .bss.hspi3     0x200003b4       0x64 ./Core/Src/main.o
                0x200003b4                hspi3
 .bss.huart2    0x20000418       0x90 ./Core/Src/main.o
                0x20000418                huart2
 .bss.uwTick    0x200004a8        0x4 ./Drivers/STM32G4xx_HAL_Driver/Src/stm32g4xx_hal.o
                0x200004a8                uwTick
 .bss.cfgidx.0  0x200004ac        0x1 ./Middlewares/ST/STM32_USB_Device_Library/Core/Src/usbd_ctlreq.o
 *fill*         0x200004ad        0x3 
 .bss.hUsbDeviceFS
                0x200004b0      0x2d0 ./USB_Device/App/usb_device.o
                0x200004b0                hUsbDeviceFS
 .bss.UserRxBufferFS
                0x20000780      0x400 ./USB_Device/App/usbd_cdc_if.o
                0x20000780                UserRxBufferFS
 .bss.UserTxBufferFS
                0x20000b80      0x400 ./USB_Device/App/usbd_cdc_if.o
                0x20000b80                UserTxBufferFS
 .bss.USBD_StrDesc
                0x20000f80      0x200 ./USB_Device/App/usbd_desc.o
                0x20000f80                USBD_StrDesc
 .bss.hpcd_USB_FS
                0x20001180      0x2f4 ./USB_Device/Target/usbd_conf.o
                0x20001180                hpcd_USB_FS
 .bss.mem.0     0x20001474      0x220 ./USB_Device/Target/usbd_conf.o
 *(COMMON)
                0x20001694                        . = ALIGN (0x4)
                0x20001694                        _ebss = .
                0x20001694                        __bss_end__ = _ebss

._user_heap_stack
                0x20001694      0x604 load address 0x0800ba50
                0x20001698                        . = ALIGN (0x8)
 *fill*         0x20001694        0x4 
                [!provide]                        PROVIDE (end = .)
                0x20001698                        PROVIDE (_end = .)
                0x20001898                        . = (. + _Min_Heap_Size)
 *fill*         0x20001698      0x200 
                0x20001c98                        . = (. + _Min_Stack_Size)
 *fill*         0x20001898      0x400 
                0x20001c98                        . = ALIGN (0x8)

/DISCARD/
 libc.a(*)
 libm.a(*)
 libgcc.a(*)

.ARM.attributes
                0x00000000       0x30
 *(.ARM.attributes)
 .ARM.attributes
                0x00000000       0x22 E:/STM32CubeIDE/STM32CubeIDE_1.15.1/STM32CubeIDE/plugins/com.st.stm32cube.ide.mcu.externaltools.gnu-tools-for-stm32.12.3.rel1.win32_1.0.100.202403111256/tools/bin/../lib/gcc/arm-none-eabi/12.3.1/thumb/v7e-m+fp/hard/crti.o
 .ARM.attributes
                0x00000022       0x34 E:/STM32CubeIDE/STM32CubeIDE_1.15.1/STM32CubeIDE/plugins/com.st.stm32cube.ide.mcu.externaltools.gnu-tools-for-stm32.12.3.rel1.win32_1.0.100.202403111256/tools/bin/../lib/gcc/arm-none-eabi/12.3.1/thumb/v7e-m+fp/hard/crtbegin.o
 .ARM.attributes
                0x00000056       0x34 ./Core/Src/main.o
 .ARM.attributes
                0x0000008a       0x34 ./Core/Src/stm32g4xx_hal_msp.o
 .ARM.attributes
                0x000000be       0x34 ./Core/Src/stm32g4xx_it.o
 .ARM.attributes
                0x000000f2       0x34 ./Core/Src/system_stm32g4xx.o
 .ARM.attributes
                0x00000126       0x21 ./Core/Startup/startup_stm32g431rbtx.o
 .ARM.attributes
                0x00000147       0x34 ./Drivers/STM32G4xx_HAL_Driver/Src/stm32g4xx_hal.o
 .ARM.attributes
                0x0000017b       0x34 ./Drivers/STM32G4xx_HAL_Driver/Src/stm32g4xx_hal_adc.o
 .ARM.attributes
                0x000001af       0x34 ./Drivers/STM32G4xx_HAL_Driver/Src/stm32g4xx_hal_adc_ex.o
 .ARM.attributes
                0x000001e3       0x34 ./Drivers/STM32G4xx_HAL_Driver/Src/stm32g4xx_hal_cortex.o
 .ARM.attributes
                0x00000217       0x34 ./Drivers/STM32G4xx_HAL_Driver/Src/stm32g4xx_hal_dma.o
 .ARM.attributes
                0x0000024b       0x34 ./Drivers/STM32G4xx_HAL_Driver/Src/stm32g4xx_hal_gpio.o
 .ARM.attributes
                0x0000027f       0x34 ./Drivers/STM32G4xx_HAL_Driver/Src/stm32g4xx_hal_i2c.o
 .ARM.attributes
                0x000002b3       0x34 ./Drivers/STM32G4xx_HAL_Driver/Src/stm32g4xx_hal_i2c_ex.o
 .ARM.attributes
                0x000002e7       0x34 ./Drivers/STM32G4xx_HAL_Driver/Src/stm32g4xx_hal_pcd.o
 .ARM.attributes
                0x0000031b       0x34 ./Drivers/STM32G4xx_HAL_Driver/Src/stm32g4xx_hal_pcd_ex.o
 .ARM.attributes
                0x0000034f       0x34 ./Drivers/STM32G4xx_HAL_Driver/Src/stm32g4xx_hal_pwr_ex.o
 .ARM.attributes
                0x00000383       0x34 ./Drivers/STM32G4xx_HAL_Driver/Src/stm32g4xx_hal_rcc.o
 .ARM.attributes
                0x000003b7       0x34 ./Drivers/STM32G4xx_HAL_Driver/Src/stm32g4xx_hal_rcc_ex.o
 .ARM.attributes
                0x000003eb       0x34 ./Drivers/STM32G4xx_HAL_Driver/Src/stm32g4xx_hal_spi.o
 .ARM.attributes
                0x0000041f       0x34 ./Drivers/STM32G4xx_HAL_Driver/Src/stm32g4xx_hal_uart.o
 .ARM.attributes
                0x00000453       0x34 ./Drivers/STM32G4xx_HAL_Driver/Src/stm32g4xx_hal_uart_ex.o
 .ARM.attributes
                0x00000487       0x34 ./Drivers/STM32G4xx_HAL_Driver/Src/stm32g4xx_ll_usb.o
 .ARM.attributes
                0x000004bb       0x34 ./Middlewares/ST/STM32_USB_Device_Library/Class/CDC/Src/usbd_cdc.o
 .ARM.attributes
                0x000004ef       0x34 ./Middlewares/ST/STM32_USB_Device_Library/Core/Src/usbd_core.o
 .ARM.attributes
                0x00000523       0x34 ./Middlewares/ST/STM32_USB_Device_Library/Core/Src/usbd_ctlreq.o
 .ARM.attributes
                0x00000557       0x34 ./Middlewares/ST/STM32_USB_Device_Library/Core/Src/usbd_ioreq.o
 .ARM.attributes
                0x0000058b       0x34 ./USB_Device/App/usb_device.o
 .ARM.attributes
                0x000005bf       0x34 ./USB_Device/App/usbd_cdc_if.o
 .ARM.attributes
                0x000005f3       0x34 ./USB_Device/App/usbd_desc.o
 .ARM.attributes
                0x00000627       0x34 ./USB_Device/Target/usbd_conf.o
 .ARM.attributes
                0x0000065b       0x34 E:/STM32CubeIDE/STM32CubeIDE_1.15.1/STM32CubeIDE/plugins/com.st.stm32cube.ide.mcu.externaltools.gnu-tools-for-stm32.12.3.rel1.win32_1.0.100.202403111256/tools/bin/../lib/gcc/arm-none-eabi/12.3.1/../../../../arm-none-eabi/lib/thumb/v7e-m+fp/hard\libc_nano.a(libc_a-memset.o)
 .ARM.attributes
                0x0000068f       0x34 E:/STM32CubeIDE/STM32CubeIDE_1.15.1/STM32CubeIDE/plugins/com.st.stm32cube.ide.mcu.externaltools.gnu-tools-for-stm32.12.3.rel1.win32_1.0.100.202403111256/tools/bin/../lib/gcc/arm-none-eabi/12.3.1/../../../../arm-none-eabi/lib/thumb/v7e-m+fp/hard\libc_nano.a(libc_a-init.o)
 .ARM.attributes
                0x000006c3       0x22 E:/STM32CubeIDE/STM32CubeIDE_1.15.1/STM32CubeIDE/plugins/com.st.stm32cube.ide.mcu.externaltools.gnu-tools-for-stm32.12.3.rel1.win32_1.0.100.202403111256/tools/bin/../lib/gcc/arm-none-eabi/12.3.1/thumb/v7e-m+fp/hard\libgcc.a(_aeabi_uldivmod.o)
 .ARM.attributes
                0x000006e5       0x34 E:/STM32CubeIDE/STM32CubeIDE_1.15.1/STM32CubeIDE/plugins/com.st.stm32cube.ide.mcu.externaltools.gnu-tools-for-stm32.12.3.rel1.win32_1.0.100.202403111256/tools/bin/../lib/gcc/arm-none-eabi/12.3.1/thumb/v7e-m+fp/hard\libgcc.a(_udivmoddi4.o)
 .ARM.attributes
                0x00000719       0x22 E:/STM32CubeIDE/STM32CubeIDE_1.15.1/STM32CubeIDE/plugins/com.st.stm32cube.ide.mcu.externaltools.gnu-tools-for-stm32.12.3.rel1.win32_1.0.100.202403111256/tools/bin/../lib/gcc/arm-none-eabi/12.3.1/thumb/v7e-m+fp/hard\libgcc.a(_dvmd_tls.o)
 .ARM.attributes
                0x0000073b       0x22 E:/STM32CubeIDE/STM32CubeIDE_1.15.1/STM32CubeIDE/plugins/com.st.stm32cube.ide.mcu.externaltools.gnu-tools-for-stm32.12.3.rel1.win32_1.0.100.202403111256/tools/bin/../lib/gcc/arm-none-eabi/12.3.1/thumb/v7e-m+fp/hard/crtn.o
OUTPUT(USBC_PD_Firmware_RTOS.elf elf32-littlearm)
LOAD linker stubs
LOAD E:/STM32CubeIDE/STM32CubeIDE_1.15.1/STM32CubeIDE/plugins/com.st.stm32cube.ide.mcu.externaltools.gnu-tools-for-stm32.12.3.rel1.win32_1.0.100.202403111256/tools/bin/../lib/gcc/arm-none-eabi/12.3.1/../../../../arm-none-eabi/lib/thumb/v7e-m+fp/hard\libc.a
LOAD E:/STM32CubeIDE/STM32CubeIDE_1.15.1/STM32CubeIDE/plugins/com.st.stm32cube.ide.mcu.externaltools.gnu-tools-for-stm32.12.3.rel1.win32_1.0.100.202403111256/tools/bin/../lib/gcc/arm-none-eabi/12.3.1/../../../../arm-none-eabi/lib/thumb/v7e-m+fp/hard\libm.a
LOAD E:/STM32CubeIDE/STM32CubeIDE_1.15.1/STM32CubeIDE/plugins/com.st.stm32cube.ide.mcu.externaltools.gnu-tools-for-stm32.12.3.rel1.win32_1.0.100.202403111256/tools/bin/../lib/gcc/arm-none-eabi/12.3.1/thumb/v7e-m+fp/hard\libgcc.a

.debug_info     0x00000000    0x20000
 .debug_info    0x00000000     0x1d54 ./Core/Src/main.o
 .debug_info    0x00001d54     0x1c7d ./Core/Src/stm32g4xx_hal_msp.o
 .debug_info    0x000039d1     0x1061 ./Core/Src/stm32g4xx_it.o
 .debug_info    0x00004a32      0x58e ./Core/Src/system_stm32g4xx.o
 .debug_info    0x00004fc0       0x30 ./Core/Startup/startup_stm32g431rbtx.o
 .debug_info    0x00004ff0      0xa99 ./Drivers/STM32G4xx_HAL_Driver/Src/stm32g4xx_hal.o
 .debug_info    0x00005a89     0x203d ./Drivers/STM32G4xx_HAL_Driver/Src/stm32g4xx_hal_adc.o
 .debug_info    0x00007ac6     0x1d67 ./Drivers/STM32G4xx_HAL_Driver/Src/stm32g4xx_hal_adc_ex.o
 .debug_info    0x0000982d      0xcf3 ./Drivers/STM32G4xx_HAL_Driver/Src/stm32g4xx_hal_cortex.o
 .debug_info    0x0000a520      0x85f ./Drivers/STM32G4xx_HAL_Driver/Src/stm32g4xx_hal_dma.o
 .debug_info    0x0000ad7f      0x763 ./Drivers/STM32G4xx_HAL_Driver/Src/stm32g4xx_hal_gpio.o
 .debug_info    0x0000b4e2     0x20ca ./Drivers/STM32G4xx_HAL_Driver/Src/stm32g4xx_hal_i2c.o
 .debug_info    0x0000d5ac      0xac8 ./Drivers/STM32G4xx_HAL_Driver/Src/stm32g4xx_hal_i2c_ex.o
 .debug_info    0x0000e074     0x1578 ./Drivers/STM32G4xx_HAL_Driver/Src/stm32g4xx_hal_pcd.o
 .debug_info    0x0000f5ec      0x815 ./Drivers/STM32G4xx_HAL_Driver/Src/stm32g4xx_hal_pcd_ex.o
 .debug_info    0x0000fe01      0x93f ./Drivers/STM32G4xx_HAL_Driver/Src/stm32g4xx_hal_pwr_ex.o
 .debug_info    0x00010740      0xb82 ./Drivers/STM32G4xx_HAL_Driver/Src/stm32g4xx_hal_rcc.o
 .debug_info    0x000112c2      0xc15 ./Drivers/STM32G4xx_HAL_Driver/Src/stm32g4xx_hal_rcc_ex.o
 .debug_info    0x00011ed7     0x1748 ./Drivers/STM32G4xx_HAL_Driver/Src/stm32g4xx_hal_spi.o
 .debug_info    0x0001361f     0x46a0 ./Drivers/STM32G4xx_HAL_Driver/Src/stm32g4xx_hal_uart.o
 .debug_info    0x00017cbf      0xf83 ./Drivers/STM32G4xx_HAL_Driver/Src/stm32g4xx_hal_uart_ex.o
 .debug_info    0x00018c42     0x1548 ./Drivers/STM32G4xx_HAL_Driver/Src/stm32g4xx_ll_usb.o
 .debug_info    0x0001a18a     0x1131 ./Middlewares/ST/STM32_USB_Device_Library/Class/CDC/Src/usbd_cdc.o
 .debug_info    0x0001b2bb      0xb1b ./Middlewares/ST/STM32_USB_Device_Library/Core/Src/usbd_core.o
 .debug_info    0x0001bdd6      0xa57 ./Middlewares/ST/STM32_USB_Device_Library/Core/Src/usbd_ctlreq.o
 .debug_info    0x0001c82d      0x720 ./Middlewares/ST/STM32_USB_Device_Library/Core/Src/usbd_ioreq.o
 .debug_info    0x0001cf4d      0x6d7 ./USB_Device/App/usb_device.o
 .debug_info    0x0001d624      0x8be ./USB_Device/App/usbd_cdc_if.o
 .debug_info    0x0001dee2      0x45f ./USB_Device/App/usbd_desc.o
 .debug_info    0x0001e341     0x1cbf ./USB_Device/Target/usbd_conf.o

.debug_abbrev   0x00000000     0x4481
 .debug_abbrev  0x00000000      0x2c3 ./Core/Src/main.o
 .debug_abbrev  0x000002c3      0x249 ./Core/Src/stm32g4xx_hal_msp.o
 .debug_abbrev  0x0000050c      0x1c1 ./Core/Src/stm32g4xx_it.o
 .debug_abbrev  0x000006cd      0x11a ./Core/Src/system_stm32g4xx.o
 .debug_abbrev  0x000007e7       0x24 ./Core/Startup/startup_stm32g431rbtx.o
 .debug_abbrev  0x0000080b      0x271 ./Drivers/STM32G4xx_HAL_Driver/Src/stm32g4xx_hal.o
 .debug_abbrev  0x00000a7c      0x2d3 ./Drivers/STM32G4xx_HAL_Driver/Src/stm32g4xx_hal_adc.o
 .debug_abbrev  0x00000d4f      0x2ee ./Drivers/STM32G4xx_HAL_Driver/Src/stm32g4xx_hal_adc_ex.o
 .debug_abbrev  0x0000103d      0x31c ./Drivers/STM32G4xx_HAL_Driver/Src/stm32g4xx_hal_cortex.o
 .debug_abbrev  0x00001359      0x1e2 ./Drivers/STM32G4xx_HAL_Driver/Src/stm32g4xx_hal_dma.o
 .debug_abbrev  0x0000153b      0x1cb ./Drivers/STM32G4xx_HAL_Driver/Src/stm32g4xx_hal_gpio.o
 .debug_abbrev  0x00001706      0x258 ./Drivers/STM32G4xx_HAL_Driver/Src/stm32g4xx_hal_i2c.o
 .debug_abbrev  0x0000195e      0x1c0 ./Drivers/STM32G4xx_HAL_Driver/Src/stm32g4xx_hal_i2c_ex.o
 .debug_abbrev  0x00001b1e      0x2b2 ./Drivers/STM32G4xx_HAL_Driver/Src/stm32g4xx_hal_pcd.o
 .debug_abbrev  0x00001dd0      0x22a ./Drivers/STM32G4xx_HAL_Driver/Src/stm32g4xx_hal_pcd_ex.o
 .debug_abbrev  0x00001ffa      0x22c ./Drivers/STM32G4xx_HAL_Driver/Src/stm32g4xx_hal_pwr_ex.o
 .debug_abbrev  0x00002226      0x2c9 ./Drivers/STM32G4xx_HAL_Driver/Src/stm32g4xx_hal_rcc.o
 .debug_abbrev  0x000024ef      0x258 ./Drivers/STM32G4xx_HAL_Driver/Src/stm32g4xx_hal_rcc_ex.o
 .debug_abbrev  0x00002747      0x267 ./Drivers/STM32G4xx_HAL_Driver/Src/stm32g4xx_hal_spi.o
 .debug_abbrev  0x000029ae      0x304 ./Drivers/STM32G4xx_HAL_Driver/Src/stm32g4xx_hal_uart.o
 .debug_abbrev  0x00002cb2      0x2d3 ./Drivers/STM32G4xx_HAL_Driver/Src/stm32g4xx_hal_uart_ex.o
 .debug_abbrev  0x00002f85      0x23f ./Drivers/STM32G4xx_HAL_Driver/Src/stm32g4xx_ll_usb.o
 .debug_abbrev  0x000031c4      0x2bc ./Middlewares/ST/STM32_USB_Device_Library/Class/CDC/Src/usbd_cdc.o
 .debug_abbrev  0x00003480      0x24f ./Middlewares/ST/STM32_USB_Device_Library/Core/Src/usbd_core.o
 .debug_abbrev  0x000036cf      0x27e ./Middlewares/ST/STM32_USB_Device_Library/Core/Src/usbd_ctlreq.o
 .debug_abbrev  0x0000394d      0x1a9 ./Middlewares/ST/STM32_USB_Device_Library/Core/Src/usbd_ioreq.o
 .debug_abbrev  0x00003af6      0x1a4 ./USB_Device/App/usb_device.o
 .debug_abbrev  0x00003c9a      0x2ad ./USB_Device/App/usbd_cdc_if.o
 .debug_abbrev  0x00003f47      0x20e ./USB_Device/App/usbd_desc.o
 .debug_abbrev  0x00004155      0x32c ./USB_Device/Target/usbd_conf.o

.debug_aranges  0x00000000     0x1948
 .debug_aranges
                0x00000000       0x78 ./Core/Src/main.o
 .debug_aranges
                0x00000078       0x60 ./Core/Src/stm32g4xx_hal_msp.o
 .debug_aranges
                0x000000d8       0x80 ./Core/Src/stm32g4xx_it.o
 .debug_aranges
                0x00000158       0x28 ./Core/Src/system_stm32g4xx.o
 .debug_aranges
                0x00000180       0x28 ./Core/Startup/startup_stm32g431rbtx.o
 .debug_aranges
                0x000001a8      0x130 ./Drivers/STM32G4xx_HAL_Driver/Src/stm32g4xx_hal.o
 .debug_aranges
                0x000002d8      0x248 ./Drivers/STM32G4xx_HAL_Driver/Src/stm32g4xx_hal_adc.o
 .debug_aranges
                0x00000520      0x1c0 ./Drivers/STM32G4xx_HAL_Driver/Src/stm32g4xx_hal_adc_ex.o
 .debug_aranges
                0x000006e0      0x118 ./Drivers/STM32G4xx_HAL_Driver/Src/stm32g4xx_hal_cortex.o
 .debug_aranges
                0x000007f8       0x90 ./Drivers/STM32G4xx_HAL_Driver/Src/stm32g4xx_hal_dma.o
 .debug_aranges
                0x00000888       0x58 ./Drivers/STM32G4xx_HAL_Driver/Src/stm32g4xx_hal_gpio.o
 .debug_aranges
                0x000008e0      0x290 ./Drivers/STM32G4xx_HAL_Driver/Src/stm32g4xx_hal_i2c.o
 .debug_aranges
                0x00000b70       0x48 ./Drivers/STM32G4xx_HAL_Driver/Src/stm32g4xx_hal_i2c_ex.o
 .debug_aranges
                0x00000bb8      0x130 ./Drivers/STM32G4xx_HAL_Driver/Src/stm32g4xx_hal_pcd.o
 .debug_aranges
                0x00000ce8       0x58 ./Drivers/STM32G4xx_HAL_Driver/Src/stm32g4xx_hal_pcd_ex.o
 .debug_aranges
                0x00000d40      0x140 ./Drivers/STM32G4xx_HAL_Driver/Src/stm32g4xx_hal_pwr_ex.o
 .debug_aranges
                0x00000e80       0x98 ./Drivers/STM32G4xx_HAL_Driver/Src/stm32g4xx_hal_rcc.o
 .debug_aranges
                0x00000f18       0xb0 ./Drivers/STM32G4xx_HAL_Driver/Src/stm32g4xx_hal_rcc_ex.o
 .debug_aranges
                0x00000fc8      0x1d8 ./Drivers/STM32G4xx_HAL_Driver/Src/stm32g4xx_hal_spi.o
 .debug_aranges
                0x000011a0      0x248 ./Drivers/STM32G4xx_HAL_Driver/Src/stm32g4xx_hal_uart.o
 .debug_aranges
                0x000013e8       0xa0 ./Drivers/STM32G4xx_HAL_Driver/Src/stm32g4xx_hal_uart_ex.o
 .debug_aranges
                0x00001488       0xb0 ./Drivers/STM32G4xx_HAL_Driver/Src/stm32g4xx_ll_usb.o
 .debug_aranges
                0x00001538       0x90 ./Middlewares/ST/STM32_USB_Device_Library/Class/CDC/Src/usbd_cdc.o
 .debug_aranges
                0x000015c8       0xb8 ./Middlewares/ST/STM32_USB_Device_Library/Core/Src/usbd_core.o
 .debug_aranges
                0x00001680       0x90 ./Middlewares/ST/STM32_USB_Device_Library/Core/Src/usbd_ctlreq.o
 .debug_aranges
                0x00001710       0x50 ./Middlewares/ST/STM32_USB_Device_Library/Core/Src/usbd_ioreq.o
 .debug_aranges
                0x00001760       0x20 ./USB_Device/App/usb_device.o
 .debug_aranges
                0x00001780       0x48 ./USB_Device/App/usbd_cdc_if.o
 .debug_aranges
                0x000017c8       0x60 ./USB_Device/App/usbd_desc.o
 .debug_aranges
                0x00001828      0x120 ./USB_Device/Target/usbd_conf.o

.debug_rnglists
                0x00000000     0x1370
 .debug_rnglists
                0x00000000       0x5c ./Core/Src/main.o
 .debug_rnglists
                0x0000005c       0x49 ./Core/Src/stm32g4xx_hal_msp.o
 .debug_rnglists
                0x000000a5       0x5b ./Core/Src/stm32g4xx_it.o
 .debug_rnglists
                0x00000100       0x1a ./Core/Src/system_stm32g4xx.o
 .debug_rnglists
                0x0000011a       0x19 ./Core/Startup/startup_stm32g431rbtx.o
 .debug_rnglists
                0x00000133       0xdf ./Drivers/STM32G4xx_HAL_Driver/Src/stm32g4xx_hal.o
 .debug_rnglists
                0x00000212      0x1c0 ./Drivers/STM32G4xx_HAL_Driver/Src/stm32g4xx_hal_adc.o
 .debug_rnglists
                0x000003d2      0x15a ./Drivers/STM32G4xx_HAL_Driver/Src/stm32g4xx_hal_adc_ex.o
 .debug_rnglists
                0x0000052c       0xce ./Drivers/STM32G4xx_HAL_Driver/Src/stm32g4xx_hal_cortex.o
 .debug_rnglists
                0x000005fa       0x71 ./Drivers/STM32G4xx_HAL_Driver/Src/stm32g4xx_hal_dma.o
 .debug_rnglists
                0x0000066b       0x3f ./Drivers/STM32G4xx_HAL_Driver/Src/stm32g4xx_hal_gpio.o
 .debug_rnglists
                0x000006aa      0x219 ./Drivers/STM32G4xx_HAL_Driver/Src/stm32g4xx_hal_i2c.o
 .debug_rnglists
                0x000008c3       0x35 ./Drivers/STM32G4xx_HAL_Driver/Src/stm32g4xx_hal_i2c_ex.o
 .debug_rnglists
                0x000008f8       0xe9 ./Drivers/STM32G4xx_HAL_Driver/Src/stm32g4xx_hal_pcd.o
 .debug_rnglists
                0x000009e1       0x3f ./Drivers/STM32G4xx_HAL_Driver/Src/stm32g4xx_hal_pcd_ex.o
 .debug_rnglists
                0x00000a20       0xf1 ./Drivers/STM32G4xx_HAL_Driver/Src/stm32g4xx_hal_pwr_ex.o
 .debug_rnglists
                0x00000b11       0x74 ./Drivers/STM32G4xx_HAL_Driver/Src/stm32g4xx_hal_rcc.o
 .debug_rnglists
                0x00000b85       0x87 ./Drivers/STM32G4xx_HAL_Driver/Src/stm32g4xx_hal_rcc_ex.o
 .debug_rnglists
                0x00000c0c      0x178 ./Drivers/STM32G4xx_HAL_Driver/Src/stm32g4xx_hal_spi.o
 .debug_rnglists
                0x00000d84      0x1f9 ./Drivers/STM32G4xx_HAL_Driver/Src/stm32g4xx_hal_uart.o
 .debug_rnglists
                0x00000f7d       0x79 ./Drivers/STM32G4xx_HAL_Driver/Src/stm32g4xx_hal_uart_ex.o
 .debug_rnglists
                0x00000ff6       0x86 ./Drivers/STM32G4xx_HAL_Driver/Src/stm32g4xx_ll_usb.o
 .debug_rnglists
                0x0000107c       0x6a ./Middlewares/ST/STM32_USB_Device_Library/Class/CDC/Src/usbd_cdc.o
 .debug_rnglists
                0x000010e6       0x89 ./Middlewares/ST/STM32_USB_Device_Library/Core/Src/usbd_core.o
 .debug_rnglists
                0x0000116f       0x6e ./Middlewares/ST/STM32_USB_Device_Library/Core/Src/usbd_ctlreq.o
 .debug_rnglists
                0x000011dd       0x37 ./Middlewares/ST/STM32_USB_Device_Library/Core/Src/usbd_ioreq.o
 .debug_rnglists
                0x00001214       0x13 ./USB_Device/App/usb_device.o
 .debug_rnglists
                0x00001227       0x32 ./USB_Device/App/usbd_cdc_if.o
 .debug_rnglists
                0x00001259       0x43 ./USB_Device/App/usbd_desc.o
 .debug_rnglists
                0x0000129c       0xd4 ./USB_Device/Target/usbd_conf.o

.debug_macro    0x00000000    0x230b8
 .debug_macro   0x00000000      0x3a2 ./Core/Src/main.o
 .debug_macro   0x000003a2      0xab4 ./Core/Src/main.o
 .debug_macro   0x00000e56      0x16d ./Core/Src/main.o
 .debug_macro   0x00000fc3       0x2e ./Core/Src/main.o
 .debug_macro   0x00000ff1       0x28 ./Core/Src/main.o
 .debug_macro   0x00001019       0x22 ./Core/Src/main.o
 .debug_macro   0x0000103b       0x8e ./Core/Src/main.o
 .debug_macro   0x000010c9       0x51 ./Core/Src/main.o
 .debug_macro   0x0000111a      0x103 ./Core/Src/main.o
 .debug_macro   0x0000121d       0x6a ./Core/Src/main.o
 .debug_macro   0x00001287      0x1df ./Core/Src/main.o
 .debug_macro   0x00001466       0x1c ./Core/Src/main.o
 .debug_macro   0x00001482       0x22 ./Core/Src/main.o
 .debug_macro   0x000014a4       0xfb ./Core/Src/main.o
 .debug_macro   0x0000159f     0x1011 ./Core/Src/main.o
 .debug_macro   0x000025b0      0x11f ./Core/Src/main.o
 .debug_macro   0x000026cf    0x11396 ./Core/Src/main.o
 .debug_macro   0x00013a65       0x6d ./Core/Src/main.o
 .debug_macro   0x00013ad2     0x3554 ./Core/Src/main.o
 .debug_macro   0x00017026      0x189 ./Core/Src/main.o
 .debug_macro   0x000171af       0x5c ./Core/Src/main.o
 .debug_macro   0x0001720b     0x141d ./Core/Src/main.o
 .debug_macro   0x00018628      0x535 ./Core/Src/main.o
 .debug_macro   0x00018b5d      0x1b6 ./Core/Src/main.o
 .debug_macro   0x00018d13      0x288 ./Core/Src/main.o
 .debug_macro   0x00018f9b      0x41d ./Core/Src/main.o
 .debug_macro   0x000193b8      0x18b ./Core/Src/main.o
 .debug_macro   0x00019543       0x43 ./Core/Src/main.o
 .debug_macro   0x00019586      0x23d ./Core/Src/main.o
 .debug_macro   0x000197c3     0x10fd ./Core/Src/main.o
 .debug_macro   0x0001a8c0      0x72e ./Core/Src/main.o
 .debug_macro   0x0001afee      0x391 ./Core/Src/main.o
 .debug_macro   0x0001b37f      0x211 ./Core/Src/main.o
 .debug_macro   0x0001b590      0x401 ./Core/Src/main.o
 .debug_macro   0x0001b991      0x107 ./Core/Src/main.o
 .debug_macro   0x0001ba98      0x22c ./Core/Src/main.o
 .debug_macro   0x0001bcc4       0x61 ./Core/Src/main.o
 .debug_macro   0x0001bd25       0xa5 ./Core/Src/main.o
 .debug_macro   0x0001bdca       0x6c ./Core/Src/main.o
 .debug_macro   0x0001be36      0x234 ./Core/Src/main.o
 .debug_macro   0x0001c06a      0x122 ./Core/Src/main.o
 .debug_macro   0x0001c18c      0x3d1 ./Core/Src/main.o
 .debug_macro   0x0001c55d      0x2fe ./Core/Src/main.o
 .debug_macro   0x0001c85b      0x67e ./Core/Src/main.o
 .debug_macro   0x0001ced9       0xa6 ./Core/Src/main.o
 .debug_macro   0x0001cf7f      0x306 ./Core/Src/main.o
 .debug_macro   0x0001d285      0x10c ./Core/Src/main.o
 .debug_macro   0x0001d391       0x61 ./Core/Src/main.o
 .debug_macro   0x0001d3f2       0x2a ./Core/Src/main.o
 .debug_macro   0x0001d41c       0x43 ./Core/Src/main.o
 .debug_macro   0x0001d45f       0x34 ./Core/Src/main.o
 .debug_macro   0x0001d493       0x16 ./Core/Src/main.o
 .debug_macro   0x0001d4a9       0x35 ./Core/Src/main.o
 .debug_macro   0x0001d4de      0x369 ./Core/Src/main.o
 .debug_macro   0x0001d847       0x10 ./Core/Src/main.o
 .debug_macro   0x0001d857       0x16 ./Core/Src/main.o
 .debug_macro   0x0001d86d       0x43 ./Core/Src/main.o
 .debug_macro   0x0001d8b0       0x34 ./Core/Src/main.o
 .debug_macro   0x0001d8e4       0x10 ./Core/Src/main.o
 .debug_macro   0x0001d8f4       0x58 ./Core/Src/main.o
 .debug_macro   0x0001d94c       0x8e ./Core/Src/main.o
 .debug_macro   0x0001d9da       0x1c ./Core/Src/main.o
 .debug_macro   0x0001d9f6      0x177 ./Core/Src/main.o
 .debug_macro   0x0001db6d       0x16 ./Core/Src/main.o
 .debug_macro   0x0001db83       0x16 ./Core/Src/main.o
 .debug_macro   0x0001db99      0x146 ./Core/Src/main.o
 .debug_macro   0x0001dcdf       0x16 ./Core/Src/main.o
 .debug_macro   0x0001dcf5       0x16 ./Core/Src/main.o
 .debug_macro   0x0001dd0b       0x29 ./Core/Src/main.o
 .debug_macro   0x0001dd34       0x16 ./Core/Src/main.o
 .debug_macro   0x0001dd4a       0x20 ./Core/Src/main.o
 .debug_macro   0x0001dd6a       0x5f ./Core/Src/main.o
 .debug_macro   0x0001ddc9      0x1ef ./Core/Src/main.o
 .debug_macro   0x0001dfb8      0x23e ./Core/Src/stm32g4xx_hal_msp.o
 .debug_macro   0x0001e1f6      0x248 ./Core/Src/stm32g4xx_it.o
 .debug_macro   0x0001e43e      0x22f ./Core/Src/system_stm32g4xx.o
 .debug_macro   0x0001e66d      0x27d ./Drivers/STM32G4xx_HAL_Driver/Src/stm32g4xx_hal.o
 .debug_macro   0x0001e8ea      0x24c ./Drivers/STM32G4xx_HAL_Driver/Src/stm32g4xx_hal_adc.o
 .debug_macro   0x0001eb36      0x23b ./Drivers/STM32G4xx_HAL_Driver/Src/stm32g4xx_hal_adc_ex.o
 .debug_macro   0x0001ed71      0x22f ./Drivers/STM32G4xx_HAL_Driver/Src/stm32g4xx_hal_cortex.o
 .debug_macro   0x0001efa0      0x22f ./Drivers/STM32G4xx_HAL_Driver/Src/stm32g4xx_hal_dma.o
 .debug_macro   0x0001f1cf      0x236 ./Drivers/STM32G4xx_HAL_Driver/Src/stm32g4xx_hal_gpio.o
 .debug_macro   0x0001f405      0x2fb ./Drivers/STM32G4xx_HAL_Driver/Src/stm32g4xx_hal_i2c.o
 .debug_macro   0x0001f700      0x22f ./Drivers/STM32G4xx_HAL_Driver/Src/stm32g4xx_hal_i2c_ex.o
 .debug_macro   0x0001f92f      0x23b ./Drivers/STM32G4xx_HAL_Driver/Src/stm32g4xx_hal_pcd.o
 .debug_macro   0x0001fb6a      0x22f ./Drivers/STM32G4xx_HAL_Driver/Src/stm32g4xx_hal_pcd_ex.o
 .debug_macro   0x0001fd99      0x259 ./Drivers/STM32G4xx_HAL_Driver/Src/stm32g4xx_hal_pwr_ex.o
 .debug_macro   0x0001fff2      0x271 ./Drivers/STM32G4xx_HAL_Driver/Src/stm32g4xx_hal_rcc.o
 .debug_macro   0x00020263      0x259 ./Drivers/STM32G4xx_HAL_Driver/Src/stm32g4xx_hal_rcc_ex.o
 .debug_macro   0x000204bc      0x237 ./Drivers/STM32G4xx_HAL_Driver/Src/stm32g4xx_hal_spi.o
 .debug_macro   0x000206f3      0x25a ./Drivers/STM32G4xx_HAL_Driver/Src/stm32g4xx_hal_uart.o
 .debug_macro   0x0002094d      0x23b ./Drivers/STM32G4xx_HAL_Driver/Src/stm32g4xx_hal_uart_ex.o
 .debug_macro   0x00020b88      0x22f ./Drivers/STM32G4xx_HAL_Driver/Src/stm32g4xx_ll_usb.o
 .debug_macro   0x00020db7      0x3be ./Middlewares/ST/STM32_USB_Device_Library/Class/CDC/Src/usbd_cdc.o
 .debug_macro   0x00021175       0x9e ./Middlewares/ST/STM32_USB_Device_Library/Class/CDC/Src/usbd_cdc.o
 .debug_macro   0x00021213      0x10b ./Middlewares/ST/STM32_USB_Device_Library/Class/CDC/Src/usbd_cdc.o
 .debug_macro   0x0002131e       0x56 ./Middlewares/ST/STM32_USB_Device_Library/Class/CDC/Src/usbd_cdc.o
 .debug_macro   0x00021374       0x95 ./Middlewares/ST/STM32_USB_Device_Library/Class/CDC/Src/usbd_cdc.o
 .debug_macro   0x00021409      0x3a5 ./Middlewares/ST/STM32_USB_Device_Library/Core/Src/usbd_core.o
 .debug_macro   0x000217ae      0x1f5 ./Middlewares/ST/STM32_USB_Device_Library/Core/Src/usbd_core.o
 .debug_macro   0x000219a3      0x3af ./Middlewares/ST/STM32_USB_Device_Library/Core/Src/usbd_ctlreq.o
 .debug_macro   0x00021d52      0x3ab ./Middlewares/ST/STM32_USB_Device_Library/Core/Src/usbd_ioreq.o
 .debug_macro   0x000220fd      0x3e4 ./USB_Device/App/usb_device.o
 .debug_macro   0x000224e1       0x22 ./USB_Device/App/usb_device.o
 .debug_macro   0x00022503       0x16 ./USB_Device/App/usb_device.o
 .debug_macro   0x00022519      0x3c9 ./USB_Device/App/usbd_cdc_if.o
 .debug_macro   0x000228e2       0x10 ./USB_Device/App/usbd_cdc_if.o
 .debug_macro   0x000228f2      0x3e2 ./USB_Device/App/usbd_desc.o
 .debug_macro   0x00022cd4       0x1c ./USB_Device/App/usbd_desc.o
 .debug_macro   0x00022cf0      0x3c8 ./USB_Device/Target/usbd_conf.o

.debug_line     0x00000000    0x21762
 .debug_line    0x00000000      0xeb2 ./Core/Src/main.o
 .debug_line    0x00000eb2      0xaca ./Core/Src/stm32g4xx_hal_msp.o
 .debug_line    0x0000197c      0x943 ./Core/Src/stm32g4xx_it.o
 .debug_line    0x000022bf      0x88d ./Core/Src/system_stm32g4xx.o
 .debug_line    0x00002b4c       0x7b ./Core/Startup/startup_stm32g431rbtx.o
 .debug_line    0x00002bc7      0xc01 ./Drivers/STM32G4xx_HAL_Driver/Src/stm32g4xx_hal.o
 .debug_line    0x000037c8     0x1fa2 ./Drivers/STM32G4xx_HAL_Driver/Src/stm32g4xx_hal_adc.o
 .debug_line    0x0000576a     0x1a05 ./Drivers/STM32G4xx_HAL_Driver/Src/stm32g4xx_hal_adc_ex.o
 .debug_line    0x0000716f      0xdb2 ./Drivers/STM32G4xx_HAL_Driver/Src/stm32g4xx_hal_cortex.o
 .debug_line    0x00007f21      0xf73 ./Drivers/STM32G4xx_HAL_Driver/Src/stm32g4xx_hal_dma.o
 .debug_line    0x00008e94      0xc62 ./Drivers/STM32G4xx_HAL_Driver/Src/stm32g4xx_hal_gpio.o
 .debug_line    0x00009af6     0x354f ./Drivers/STM32G4xx_HAL_Driver/Src/stm32g4xx_hal_i2c.o
 .debug_line    0x0000d045      0xa3e ./Drivers/STM32G4xx_HAL_Driver/Src/stm32g4xx_hal_i2c_ex.o
 .debug_line    0x0000da83     0x1453 ./Drivers/STM32G4xx_HAL_Driver/Src/stm32g4xx_hal_pcd.o
 .debug_line    0x0000eed6      0x9c6 ./Drivers/STM32G4xx_HAL_Driver/Src/stm32g4xx_hal_pcd_ex.o
 .debug_line    0x0000f89c      0xdb8 ./Drivers/STM32G4xx_HAL_Driver/Src/stm32g4xx_hal_pwr_ex.o
 .debug_line    0x00010654     0x1014 ./Drivers/STM32G4xx_HAL_Driver/Src/stm32g4xx_hal_rcc.o
 .debug_line    0x00011668     0x11da ./Drivers/STM32G4xx_HAL_Driver/Src/stm32g4xx_hal_rcc_ex.o
 .debug_line    0x00012842     0x208e ./Drivers/STM32G4xx_HAL_Driver/Src/stm32g4xx_hal_spi.o
 .debug_line    0x000148d0     0x3c84 ./Drivers/STM32G4xx_HAL_Driver/Src/stm32g4xx_hal_uart.o
 .debug_line    0x00018554      0xeaf ./Drivers/STM32G4xx_HAL_Driver/Src/stm32g4xx_hal_uart_ex.o
 .debug_line    0x00019403     0x1092 ./Drivers/STM32G4xx_HAL_Driver/Src/stm32g4xx_ll_usb.o
 .debug_line    0x0001a495      0xf51 ./Middlewares/ST/STM32_USB_Device_Library/Class/CDC/Src/usbd_cdc.o
 .debug_line    0x0001b3e6      0xfd0 ./Middlewares/ST/STM32_USB_Device_Library/Core/Src/usbd_core.o
 .debug_line    0x0001c3b6     0x1271 ./Middlewares/ST/STM32_USB_Device_Library/Core/Src/usbd_ctlreq.o
 .debug_line    0x0001d627      0xc27 ./Middlewares/ST/STM32_USB_Device_Library/Core/Src/usbd_ioreq.o
 .debug_line    0x0001e24e      0xbe3 ./USB_Device/App/usb_device.o
 .debug_line    0x0001ee31      0xc46 ./USB_Device/App/usbd_cdc_if.o
 .debug_line    0x0001fa77      0xcac ./USB_Device/App/usbd_desc.o
 .debug_line    0x00020723     0x103f ./USB_Device/Target/usbd_conf.o

.debug_str      0x00000000    0xd5db6
 .debug_str     0x00000000    0xcf14a ./Core/Src/main.o
                              0xcf8eb (size before relaxing)
 .debug_str     0x000cf14a      0x2bc ./Core/Src/stm32g4xx_hal_msp.o
                              0xcb52c (size before relaxing)
 .debug_str     0x000cf406      0x443 ./Core/Src/stm32g4xx_it.o
                              0xcacbd (size before relaxing)
 .debug_str     0x000cf849       0xdb ./Core/Src/system_stm32g4xx.o
                              0xc9e2d (size before relaxing)
 .debug_str     0x000cf924       0x44 ./Core/Startup/startup_stm32g431rbtx.o
                                 0x7d (size before relaxing)
 .debug_str     0x000cf968      0x5ac ./Drivers/STM32G4xx_HAL_Driver/Src/stm32g4xx_hal.o
                              0xca945 (size before relaxing)
 .debug_str     0x000cff14      0xb21 ./Drivers/STM32G4xx_HAL_Driver/Src/stm32g4xx_hal_adc.o
                              0xcae7e (size before relaxing)
 .debug_str     0x000d0a35      0x65d ./Drivers/STM32G4xx_HAL_Driver/Src/stm32g4xx_hal_adc_ex.o
                              0xcadf4 (size before relaxing)
 .debug_str     0x000d1092      0x31d ./Drivers/STM32G4xx_HAL_Driver/Src/stm32g4xx_hal_cortex.o
                              0xca5f0 (size before relaxing)
 .debug_str     0x000d13af      0x278 ./Drivers/STM32G4xx_HAL_Driver/Src/stm32g4xx_hal_dma.o
                              0xca207 (size before relaxing)
 .debug_str     0x000d1627      0x123 ./Drivers/STM32G4xx_HAL_Driver/Src/stm32g4xx_hal_gpio.o
                              0xc9fb8 (size before relaxing)
 .debug_str     0x000d174a      0xd66 ./Drivers/STM32G4xx_HAL_Driver/Src/stm32g4xx_hal_i2c.o
                              0xcb0fb (size before relaxing)
 .debug_str     0x000d24b0       0xb8 ./Drivers/STM32G4xx_HAL_Driver/Src/stm32g4xx_hal_i2c_ex.o
                              0xca460 (size before relaxing)
 .debug_str     0x000d2568      0x527 ./Drivers/STM32G4xx_HAL_Driver/Src/stm32g4xx_hal_pcd.o
                              0xca575 (size before relaxing)
 .debug_str     0x000d2a8f      0x186 ./Drivers/STM32G4xx_HAL_Driver/Src/stm32g4xx_hal_pcd_ex.o
                              0xca1f1 (size before relaxing)
 .debug_str     0x000d2c15      0x495 ./Drivers/STM32G4xx_HAL_Driver/Src/stm32g4xx_hal_pwr_ex.o
                              0xca31b (size before relaxing)
 .debug_str     0x000d30aa      0x4d5 ./Drivers/STM32G4xx_HAL_Driver/Src/stm32g4xx_hal_rcc.o
                              0xca526 (size before relaxing)
 .debug_str     0x000d357f      0x3f9 ./Drivers/STM32G4xx_HAL_Driver/Src/stm32g4xx_hal_rcc_ex.o
                              0xca527 (size before relaxing)
 .debug_str     0x000d3978      0x566 ./Drivers/STM32G4xx_HAL_Driver/Src/stm32g4xx_hal_spi.o
                              0xca765 (size before relaxing)
 .debug_str     0x000d3ede      0x989 ./Drivers/STM32G4xx_HAL_Driver/Src/stm32g4xx_hal_uart.o
                              0xcadc0 (size before relaxing)
 .debug_str     0x000d4867      0x251 ./Drivers/STM32G4xx_HAL_Driver/Src/stm32g4xx_hal_uart_ex.o
                              0xca5a4 (size before relaxing)
 .debug_str     0x000d4ab8       0xc7 ./Drivers/STM32G4xx_HAL_Driver/Src/stm32g4xx_ll_usb.o
                              0xca0c2 (size before relaxing)
 .debug_str     0x000d4b7f      0x99d ./Middlewares/ST/STM32_USB_Device_Library/Class/CDC/Src/usbd_cdc.o
                              0xcec6d (size before relaxing)
 .debug_str     0x000d551c      0x288 ./Middlewares/ST/STM32_USB_Device_Library/Core/Src/usbd_core.o
                              0xce53d (size before relaxing)
 .debug_str     0x000d57a4      0x147 ./Middlewares/ST/STM32_USB_Device_Library/Core/Src/usbd_ctlreq.o
                              0xce48f (size before relaxing)
 .debug_str     0x000d58eb       0x51 ./Middlewares/ST/STM32_USB_Device_Library/Core/Src/usbd_ioreq.o
                              0xce384 (size before relaxing)
 .debug_str     0x000d593c      0x106 ./USB_Device/App/usb_device.o
                              0xce738 (size before relaxing)
 .debug_str     0x000d5a42       0x9a ./USB_Device/App/usbd_cdc_if.o
                              0xce777 (size before relaxing)
 .debug_str     0x000d5adc      0x254 ./USB_Device/App/usbd_desc.o
                              0xce28e (size before relaxing)
 .debug_str     0x000d5d30       0x86 ./USB_Device/Target/usbd_conf.o
                              0xcf603 (size before relaxing)

.comment        0x00000000       0x43
 .comment       0x00000000       0x43 ./Core/Src/main.o
                                 0x44 (size before relaxing)
 .comment       0x00000043       0x44 ./Core/Src/stm32g4xx_hal_msp.o
 .comment       0x00000043       0x44 ./Core/Src/stm32g4xx_it.o
 .comment       0x00000043       0x44 ./Core/Src/system_stm32g4xx.o